<html>
<body>
<pre>
<h1>礦ision Build Log</h1>
<h2>Tool Versions:</h2>
IDE-Version: μVision V5.39.0.0
Copyright (C) 2023 ARM Ltd and ARM Germany GmbH. All rights reserved.
License Information: Argen Argen, Argen, LIC=PE7DL-0PD88-IIZ5V-P1CXJ-1IVFB-6C5E1
 
Tool Versions:
Toolchain:       MDK-ARM Plus  Version: 5.39.0.0
Toolchain Path:  C:\Keil_v5\ARM\ARMCC\Bin
C Compiler:      Armcc.exe V5.06 update 7 (build 960)
Assembler:       Armasm.exe V5.06 update 7 (build 960)
Linker/Locator:  ArmLink.exe V5.06 update 7 (build 960)
Library Manager: ArmAr.exe V5.06 update 7 (build 960)
Hex Converter:   FromElf.exe V5.06 update 7 (build 960)
CPU DLL:         SARMCM3.DLL V5.39.0.0
Dialog DLL:      DCM.DLL V1.17.5.0
Target DLL:      STLink\ST-LINKIII-KEIL_SWO.dll V3.2.0.0
Dialog DLL:      TCM.DLL V1.56.4.0
 
<h2>Project:</h2>
E:\百度网盘\极客STM32H743XIH6核心板资料\屏幕+模块+底板资料汇总\液晶类\极客10.1LCD资料\测试例程\07 图片显示实验\07 图片显示实验\USER\TEST.uvprojx
Project File Date:  11/01/2025

<h2>Output:</h2>
*** Using Compiler 'V5.06 update 7 (build 960)', folder: 'C:\Keil_v5\ARM\ARMCC\Bin'
Rebuild target 'Target 1'
assembling startup_stm32f429xx.s...
compiling ff.c...
compiling sys.c...
compiling lcd.c...
compiling gif.c...
compiling test.c...
compiling led.c...
compiling spi.c...
compiling sdio_sdcard.c...
compiling tjpgd.c...
compiling mycc936.c...
compiling usmart.c...
compiling delay.c...
compiling ltdc.c...
compiling usmart_str.c...
compiling sdram.c...
compiling piclib.c...
compiling ftl.c...
compiling w25qxx.c...
compiling exfuns.c...
compiling text.c...
compiling malloc.c...
compiling key.c...
compiling usart.c...
compiling fontupd.c...
compiling nand.c...
compiling bmp.c...
compiling diskio.c...
compiling fattester.c...
compiling usmart_config.c...
linking...
Program Size: Code=64046 RO-data=21566 RW-data=440 ZI-data=33747256  
FromELF: creating hex file...
"..\OBJ\TEST.axf" - 0 Error(s), 0 Warning(s).

<h2>Software Packages used:</h2>

Package Vendor: Keil
                http://www.keil.com/pack/Keil.STM32F4xx_DFP.2.14.0.pack
                Keil::STM32F4xx_DFP@2.14.0
                STMicroelectronics STM32F4 Series Device Support, Drivers and Examples

<h2>Collection of Component include folders:</h2>
  C:/Users/Arjen/AppData/Local/Arm/Packs/Keil/STM32F4xx_DFP/2.14.0/Drivers/CMSIS/Device/ST/STM32F4xx/Include

<h2>Collection of Component Files used:</h2>
Build Time Elapsed:  00:00:43
</pre>
</body>
</html>
