Component: ARM Compiler 5.06 update 7 (build 960) Tool: armlink [4d3601]

==============================================================================

Section Cross References

    startup_stm32f429xx.o(STACK) refers (Special) to heapauxi.o(.text) for __use_two_region_memory
    startup_stm32f429xx.o(HEAP) refers (Special) to heapauxi.o(.text) for __use_two_region_memory
    startup_stm32f429xx.o(RESET) refers (Special) to heapauxi.o(.text) for __use_two_region_memory
    startup_stm32f429xx.o(RESET) refers to startup_stm32f429xx.o(STACK) for __initial_sp
    startup_stm32f429xx.o(RESET) refers to startup_stm32f429xx.o(.text) for Reset_Handler
    startup_stm32f429xx.o(RESET) refers to usmart.o(i.TIM4_IRQHandler) for TIM4_IRQHandler
    startup_stm32f429xx.o(RESET) refers to usart.o(i.USART1_IRQHandler) for USART1_IRQHandler
    startup_stm32f429xx.o(RESET) refers to sdio_sdcard.o(i.SDIO_IRQHandler) for SDIO_IRQHandler
    startup_stm32f429xx.o(.text) refers (Special) to heapauxi.o(.text) for __use_two_region_memory
    startup_stm32f429xx.o(.text) refers to __main.o(!!!main) for __main
    startup_stm32f429xx.o(.text) refers to startup_stm32f429xx.o(HEAP) for Heap_Mem
    startup_stm32f429xx.o(.text) refers to startup_stm32f429xx.o(STACK) for Stack_Mem
    test.o(i.main) refers to sys.o(i.Stm32_Clock_Init) for Stm32_Clock_Init
    test.o(i.main) refers to delay.o(i.delay_init) for delay_init
    test.o(i.main) refers to usart.o(i.uart_init) for uart_init
    test.o(i.main) refers to led.o(i.LED_Init) for LED_Init
    test.o(i.main) refers to sdram.o(i.SDRAM_Init) for SDRAM_Init
    test.o(i.main) refers to lcd.o(i.LCD_Init) for LCD_Init
    test.o(i.main) refers to key.o(i.KEY_Init) for KEY_Init
    test.o(i.main) refers to w25qxx.o(i.W25QXX_Init) for W25QXX_Init
    test.o(i.main) refers to malloc.o(i.my_mem_init) for my_mem_init
    test.o(i.main) refers to exfuns.o(i.exfuns_init) for exfuns_init
    test.o(i.main) refers to ff.o(i.f_mount) for f_mount
    test.o(i.main) refers to text.o(i.Show_Str) for Show_Str
    test.o(i.main) refers to delay.o(i.delay_ms) for delay_ms
    test.o(i.main) refers to lcd.o(i.LCD_Fill) for LCD_Fill
    test.o(i.main) refers to ff.o(i.f_opendir) for f_opendir
    test.o(i.main) refers to test.o(i.pic_get_tnum) for pic_get_tnum
    test.o(i.main) refers to malloc.o(i.mymalloc) for mymalloc
    test.o(i.main) refers to ff.o(i.f_readdir) for f_readdir
    test.o(i.main) refers to exfuns.o(i.f_typetell) for f_typetell
    test.o(i.main) refers to piclib.o(i.piclib_init) for piclib_init
    test.o(i.main) refers to ff.o(i.dir_sdi) for dir_sdi
    test.o(i.main) refers to strcpy.o(.text) for strcpy
    test.o(i.main) refers to strcat.o(.text) for strcat
    test.o(i.main) refers to lcd.o(i.LCD_Clear) for LCD_Clear
    test.o(i.main) refers to piclib.o(i.ai_load_picfile) for ai_load_picfile
    test.o(i.main) refers to key.o(i.KEY_Scan) for KEY_Scan
    test.o(i.main) refers to malloc.o(i.myfree) for myfree
    test.o(i.main) refers to usmart_config.o(.data) for usmart_dev
    test.o(i.main) refers to exfuns.o(.bss) for fs
    test.o(i.main) refers to lcd.o(.data) for POINT_COLOR
    test.o(i.main) refers to lcd.o(.bss) for lcddev
    test.o(i.pic_get_tnum) refers to malloc.o(i.mymalloc) for mymalloc
    test.o(i.pic_get_tnum) refers to ff.o(i.f_opendir) for f_opendir
    test.o(i.pic_get_tnum) refers to ff.o(i.f_readdir) for f_readdir
    test.o(i.pic_get_tnum) refers to exfuns.o(i.f_typetell) for f_typetell
    test.o(i.pic_get_tnum) refers to malloc.o(i.myfree) for myfree
    delay.o(i.delay_init) refers to delay.o(.data) for fac_us
    delay.o(i.delay_ms) refers to delay.o(i.delay_xms) for delay_xms
    delay.o(i.delay_us) refers to delay.o(.data) for fac_us
    delay.o(i.delay_xms) refers to delay.o(.data) for fac_ms
    sys.o(i.MY_NVIC_Init) refers to sys.o(i.MY_NVIC_PriorityGroupConfig) for MY_NVIC_PriorityGroupConfig
    sys.o(i.Stm32_Clock_Init) refers to sys.o(i.Sys_Clock_Set) for Sys_Clock_Set
    sys.o(i.Stm32_Clock_Init) refers to sys.o(i.MY_NVIC_SetVectorTable) for MY_NVIC_SetVectorTable
    sys.o(i.Sys_Standby) refers to sys.o(i.WFI_SET) for WFI_SET
    usart.o(.rev16_text) refers (Special) to use_no_semi_2.o(.text) for __use_no_semihosting
    usart.o(.revsh_text) refers (Special) to use_no_semi_2.o(.text) for __use_no_semihosting
    usart.o(.rrx_text) refers (Special) to use_no_semi_2.o(.text) for __use_no_semihosting
    usart.o(i.USART1_IRQHandler) refers (Special) to use_no_semi_2.o(.text) for __use_no_semihosting
    usart.o(i.USART1_IRQHandler) refers to usart.o(.data) for USART_RX_STA
    usart.o(i.USART1_IRQHandler) refers to usart.o(.bss) for USART_RX_BUF
    usart.o(i._sys_exit) refers (Special) to use_no_semi_2.o(.text) for __use_no_semihosting
    usart.o(i._ttywrch) refers (Special) to use_no_semi_2.o(.text) for __use_no_semihosting
    usart.o(i.fputc) refers (Special) to use_no_semi_2.o(.text) for __use_no_semihosting
[...]
    DMA1_Stream7_IRQHandler                  0x080002cd   Thumb Code     0  startup_stm32f429xx.o(.text)
    DMA2D_IRQHandler                         0x080002cd   Thumb Code     0  startup_stm32f429xx.o(.text)
    DMA2_Stream0_IRQHandler                  0x080002cd   Thumb Code     0  startup_stm32f429xx.o(.text)
    DMA2_Stream1_IRQHandler                  0x080002cd   Thumb Code     0  startup_stm32f429xx.o(.text)
    DMA2_Stream2_IRQHandler                  0x080002cd   Thumb Code     0  startup_stm32f429xx.o(.text)
    DMA2_Stream3_IRQHandler                  0x080002cd   Thumb Code     0  startup_stm32f429xx.o(.text)
    DMA2_Stream4_IRQHandler                  0x080002cd   Thumb Code     0  startup_stm32f429xx.o(.text)
    DMA2_Stream5_IRQHandler                  0x080002cd   Thumb Code     0  startup_stm32f429xx.o(.text)
    DMA2_Stream6_IRQHandler                  0x080002cd   Thumb Code     0  startup_stm32f429xx.o(.text)
    DMA2_Stream7_IRQHandler                  0x080002cd   Thumb Code     0  startup_stm32f429xx.o(.text)
    ETH_IRQHandler                           0x080002cd   Thumb Code     0  startup_stm32f429xx.o(.text)
    ETH_WKUP_IRQHandler                      0x080002cd   Thumb Code     0  startup_stm32f429xx.o(.text)
    EXTI0_IRQHandler                         0x080002cd   Thumb Code     0  startup_stm32f429xx.o(.text)
    EXTI15_10_IRQHandler                     0x080002cd   Thumb Code     0  startup_stm32f429xx.o(.text)
    EXTI1_IRQHandler                         0x080002cd   Thumb Code     0  startup_stm32f429xx.o(.text)
    EXTI2_IRQHandler                         0x080002cd   Thumb Code     0  startup_stm32f429xx.o(.text)
    EXTI3_IRQHandler                         0x080002cd   Thumb Code     0  startup_stm32f429xx.o(.text)
    EXTI4_IRQHandler                         0x080002cd   Thumb Code     0  startup_stm32f429xx.o(.text)
    EXTI9_5_IRQHandler                       0x080002cd   Thumb Code     0  startup_stm32f429xx.o(.text)
    FLASH_IRQHandler                         0x080002cd   Thumb Code     0  startup_stm32f429xx.o(.text)
    FMC_IRQHandler                           0x080002cd   Thumb Code     0  startup_stm32f429xx.o(.text)
    FPU_IRQHandler                           0x080002cd   Thumb Code     0  startup_stm32f429xx.o(.text)
    HASH_RNG_IRQHandler                      0x080002cd   Thumb Code     0  startup_stm32f429xx.o(.text)
    I2C1_ER_IRQHandler                       0x080002cd   Thumb Code     0  startup_stm32f429xx.o(.text)
    I2C1_EV_IRQHandler                       0x080002cd   Thumb Code     0  startup_stm32f429xx.o(.text)
    I2C2_ER_IRQHandler                       0x080002cd   Thumb Code     0  startup_stm32f429xx.o(.text)
    I2C2_EV_IRQHandler                       0x080002cd   Thumb Code     0  startup_stm32f429xx.o(.text)
    I2C3_ER_IRQHandler                       0x080002cd   Thumb Code     0  startup_stm32f429xx.o(.text)
    I2C3_EV_IRQHandler                       0x080002cd   Thumb Code     0  startup_stm32f429xx.o(.text)
    LTDC_ER_IRQHandler                       0x080002cd   Thumb Code     0  startup_stm32f429xx.o(.text)
    LTDC_IRQHandler                          0x080002cd   Thumb Code     0  startup_stm32f429xx.o(.text)
    OTG_FS_IRQHandler                        0x080002cd   Thumb Code     0  startup_stm32f429xx.o(.text)
    OTG_FS_WKUP_IRQHandler                   0x080002cd   Thumb Code     0  startup_stm32f429xx.o(.text)
    OTG_HS_EP1_IN_IRQHandler                 0x080002cd   Thumb Code     0  startup_stm32f429xx.o(.text)
    OTG_HS_EP1_OUT_IRQHandler                0x080002cd   Thumb Code     0  startup_stm32f429xx.o(.text)
    OTG_HS_IRQHandler                        0x080002cd   Thumb Code     0  startup_stm32f429xx.o(.text)
    OTG_HS_WKUP_IRQHandler                   0x080002cd   Thumb Code     0  startup_stm32f429xx.o(.text)
    PVD_IRQHandler                           0x080002cd   Thumb Code     0  startup_stm32f429xx.o(.text)
    RCC_IRQHandler                           0x080002cd   Thumb Code     0  startup_stm32f429xx.o(.text)
    RTC_Alarm_IRQHandler                     0x080002cd   Thumb Code     0  startup_stm32f429xx.o(.text)
    RTC_WKUP_IRQHandler                      0x080002cd   Thumb Code     0  startup_stm32f429xx.o(.text)
    SAI1_IRQHandler                          0x080002cd   Thumb Code     0  startup_stm32f429xx.o(.text)
    SPI1_IRQHandler                          0x080002cd   Thumb Code     0  startup_stm32f429xx.o(.text)
    SPI2_IRQHandler                          0x080002cd   Thumb Code     0  startup_stm32f429xx.o(.text)
    SPI3_IRQHandler                          0x080002cd   Thumb Code     0  startup_stm32f429xx.o(.text)
    SPI4_IRQHandler                          0x080002cd   Thumb Code     0  startup_stm32f429xx.o(.text)
    SPI5_IRQHandler                          0x080002cd   Thumb Code     0  startup_stm32f429xx.o(.text)
    SPI6_IRQHandler                          0x080002cd   Thumb Code     0  startup_stm32f429xx.o(.text)
    TAMP_STAMP_IRQHandler                    0x080002cd   Thumb Code     0  startup_stm32f429xx.o(.text)
    TIM1_BRK_TIM9_IRQHandler                 0x080002cd   Thumb Code     0  startup_stm32f429xx.o(.text)
    TIM1_CC_IRQHandler                       0x080002cd   Thumb Code     0  startup_stm32f429xx.o(.text)
    TIM1_TRG_COM_TIM11_IRQHandler            0x080002cd   Thumb Code     0  startup_stm32f429xx.o(.text)
    TIM1_UP_TIM10_IRQHandler                 0x080002cd   Thumb Code     0  startup_stm32f429xx.o(.text)
    TIM2_IRQHandler                          0x080002cd   Thumb Code     0  startup_stm32f429xx.o(.text)
    TIM3_IRQHandler                          0x080002cd   Thumb Code     0  startup_stm32f429xx.o(.text)
    TIM5_IRQHandler                          0x080002cd   Thumb Code     0  startup_stm32f429xx.o(.text)
    TIM6_DAC_IRQHandler                      0x080002cd   Thumb Code     0  startup_stm32f429xx.o(.text)
    TIM7_IRQHandler                          0x080002cd   Thumb Code     0  startup_stm32f429xx.o(.text)
    TIM8_BRK_TIM12_IRQHandler                0x080002cd   Thumb Code     0  startup_stm32f429xx.o(.text)
    TIM8_CC_IRQHandler                       0x080002cd   Thumb Code     0  startup_stm32f429xx.o(.text)
    TIM8_TRG_COM_TIM14_IRQHandler            0x080002cd   Thumb Code     0  startup_stm32f429xx.o(.text)
    TIM8_UP_TIM13_IRQHandler                 0x080002cd   Thumb Code     0  startup_stm32f429xx.o(.text)
    UART4_IRQHandler                         0x080002cd   Thumb Code     0  startup_stm32f429xx.o(.text)
    UART5_IRQHandler                         0x080002cd   Thumb Code     0  startup_stm32f429xx.o(.text)
    UART7_IRQHandler                         0x080002cd   Thumb Code     0  startup_stm32f429xx.o(.text)
    UART8_IRQHandler                         0x080002cd   Thumb Code     0  startup_stm32f429xx.o(.text)
    USART2_IRQHandler                        0x080002cd   Thumb Code     0  startup_stm32f429xx.o(.text)
    USART3_IRQHandler                        0x080002cd   Thumb Code     0  startup_stm32f429xx.o(.text)
    USART6_IRQHandler                        0x080002cd   Thumb Code     0  startup_stm32f429xx.o(.text)
    WWDG_IRQHandler                          0x080002cd   Thumb Code     0  startup_stm32f429xx.o(.text)
    __user_initial_stackheap                 0x080002d1   Thumb Code     0  startup_stm32f429xx.o(.text)
    __use_no_semihosting                     0x080002f1   Thumb Code     2  use_no_semi_2.o(.text)
    __aeabi_uldivmod                         0x080002f3   Thumb Code     0  lludivv7m.o(.text)
    _ll_udiv                                 0x080002f3   Thumb Code   238  lludivv7m.o(.text)
    __aeabi_ldivmod                          0x080003e1   Thumb Code     0  llsdiv.o(.text)
    _ll_sdiv                                 0x080003e1   Thumb Code    72  llsdiv.o(.text)
    __2printf                                0x08000429   Thumb Code    20  noretval__2printf.o(.text)
    _printf_pre_padding                      0x08000441   Thumb Code    44  _printf_pad.o(.text)
    _printf_post_padding                     0x0800046d   Thumb Code    34  _printf_pad.o(.text)
    _printf_str                              0x0800048f   Thumb Code    82  _printf_str.o(.text)
    _printf_int_dec                          0x080004e1   Thumb Code   104  _printf_dec.o(.text)
    _printf_int_hex                          0x08000559   Thumb Code    84  _printf_hex_int.o(.text)
    _printf_longlong_hex                     0x08000559   Thumb Code     0  _printf_hex_int.o(.text)
    __printf                                 0x080005b1   Thumb Code   388  __printf_flags_ss_wp.o(.text)
    strcpy                                   0x08000739   Thumb Code    72  strcpy.o(.text)
    strcat                                   0x08000781   Thumb Code    24  strcat.o(.text)
    __aeabi_memcpy                           0x08000799   Thumb Code     0  rt_memcpy_v6.o(.text)
    __rt_memcpy                              0x08000799   Thumb Code   138  rt_memcpy_v6.o(.text)
    _memcpy_lastbytes                        0x080007ff   Thumb Code     0  rt_memcpy_v6.o(.text)
    __aeabi_memclr                           0x08000823   Thumb Code     0  rt_memclr.o(.text)
    __rt_memclr                              0x08000823   Thumb Code    68  rt_memclr.o(.text)
    _memset                                  0x08000827   Thumb Code     0  rt_memclr.o(.text)
    strcmp                                   0x08000869   Thumb Code   128  strcmpv7m.o(.text)
    __use_two_region_memory                  0x080008e9   Thumb Code     2  heapauxi.o(.text)
    __rt_heap_escrow$2region                 0x080008eb   Thumb Code     2  heapauxi.o(.text)
    __rt_heap_expand$2region                 0x080008ed   Thumb Code     2  heapauxi.o(.text)
    __I$use$semihosting                      0x080008ef   Thumb Code     0  use_no_semi.o(.text)
    __use_no_semihosting_swi                 0x080008ef   Thumb Code     2  use_no_semi.o(.text)
    _printf_int_common                       0x080008f1   Thumb Code   178  _printf_intcommon.o(.text)
    _printf_cs_common                        0x080009a3   Thumb Code    20  _printf_char.o(.text)
    _printf_char                             0x080009b7   Thumb Code    16  _printf_char.o(.text)
    _printf_string                           0x080009c7   Thumb Code     8  _printf_char.o(.text)
    _printf_char_file                        0x080009d1   Thumb Code    32  _printf_char_file.o(.text)
    __aeabi_memcpy4                          0x080009f5   Thumb Code     0  rt_memcpy_w.o(.text)
    __aeabi_memcpy8                          0x080009f5   Thumb Code     0  rt_memcpy_w.o(.text)
    __rt_memcpy_w                            0x080009f5   Thumb Code   100  rt_memcpy_w.o(.text)
    _memcpy_lastbytes_aligned                0x08000a3d   Thumb Code     0  rt_memcpy_w.o(.text)
    __aeabi_memclr4                          0x08000a59   Thumb Code     0  rt_memclr_w.o(.text)
    __aeabi_memclr8                          0x08000a59   Thumb Code     0  rt_memclr_w.o(.text)
    __rt_memclr_w                            0x08000a59   Thumb Code    78  rt_memclr_w.o(.text)
    _memset_w                                0x08000a5d   Thumb Code     0  rt_memclr_w.o(.text)
    _printf_char_common                      0x08000ab3   Thumb Code    32  _printf_char_common.o(.text)
    ferror                                   0x08000ad9   Thumb Code     8  ferror.o(.text)
    __user_setup_stackheap                   0x08000ae1   Thumb Code    74  sys_stackheap_outer.o(.text)
    exit                                     0x08000b2b   Thumb Code    18  exit.o(.text)
    __user_libspace                          0x08000b3d   Thumb Code     8  libspace.o(.text)
    __user_perproc_libspace                  0x08000b3d   Thumb Code     0  libspace.o(.text)
    __user_perthread_libspace                0x08000b3d   Thumb Code     0  libspace.o(.text)
    CmdError                                 0x08000b45   Thumb Code    50  sdio_sdcard.o(i.CmdError)
    CmdResp1Error                            0x08000b7d   Thumb Code    92  sdio_sdcard.o(i.CmdResp1Error)
    CmdResp2Error                            0x08000bdd   Thumb Code    98  sdio_sdcard.o(i.CmdResp2Error)
    CmdResp3Error                            0x08000c45   Thumb Code    58  sdio_sdcard.o(i.CmdResp3Error)
    CmdResp6Error                            0x08000c85   Thumb Code   156  sdio_sdcard.o(i.CmdResp6Error)
    CmdResp7Error                            0x08000d25   Thumb Code    88  sdio_sdcard.o(i.CmdResp7Error)
    FTL_BadBlockMark                         0x08000d81   Thumb Code    48  ftl.o(i.FTL_BadBlockMark)
    FTL_BlockCompare                         0x08000db5   Thumb Code   216  ftl.o(i.FTL_BlockCompare)
    FTL_CheckBadBlock                        0x08000ec1   Thumb Code    72  ftl.o(i.FTL_CheckBadBlock)
    FTL_CopyAndWriteToBlock                  0x08000f0d   Thumb Code   264  ftl.o(i.FTL_CopyAndWriteToBlock)
    FTL_CreateLUT                            0x08001019   Thumb Code   208  ftl.o(i.FTL_CreateLUT)
    FTL_FindSamePlaneUnusedBlock             0x08001105   Thumb Code   104  ftl.o(i.FTL_FindSamePlaneUnusedBlock)
    FTL_FindUnusedBlock                      0x08001175   Thumb Code    66  ftl.o(i.FTL_FindUnusedBlock)
    FTL_Format                               0x080011bd   Thumb Code   188  ftl.o(i.FTL_Format)
    FTL_Init                                 0x080012a1   Thumb Code   138  ftl.o(i.FTL_Init)
    FTL_LBNToPBN                             0x080013a1   Thumb Code    30  ftl.o(i.FTL_LBNToPBN)
    FTL_ReadSectors                          0x080013c5   Thumb Code   332  ftl.o(i.FTL_ReadSectors)
    FTL_UsedBlockMark                        0x08001515   Thumb Code    34  ftl.o(i.FTL_UsedBlockMark)
    FTL_WriteSectors                         0x0800153d   Thumb Code   370  ftl.o(i.FTL_WriteSectors)
    FindSCR                                  0x080016b5   Thumb Code   344  sdio_sdcard.o(i.FindSCR)
    GPIO_AF_Set                              0x08001811   Thumb Code    64  sys.o(i.GPIO_AF_Set)
    GPIO_Set                                 0x08001851   Thumb Code   222  sys.o(i.GPIO_Set)
    Get_HzMat                                0x08001931   Thumb Code   236  text.o(i.Get_HzMat)
    INTX_DISABLE                             0x08001a21   Thumb Code     4  sys.o(i.INTX_DISABLE)
    INTX_ENABLE                              0x08001a25   Thumb Code     4  sys.o(i.INTX_ENABLE)
    IsCardProgramming                        0x08001a29   Thumb Code   148  sdio_sdcard.o(i.IsCardProgramming)
    KEY_Init                                 0x08001ac5   Thumb Code    96  key.o(i.KEY_Init)
    KEY_Scan                                 0x08001b35   Thumb Code   144  key.o(i.KEY_Scan)
    LCD_Clear                                0x08001bd5   Thumb Code    58  lcd.o(i.LCD_Clear)
    LCD_Color_Fill                           0x08001c1d   Thumb Code   114  lcd.o(i.LCD_Color_Fill)
    LCD_Display_Dir                          0x08001c99   Thumb Code   376  lcd.o(i.LCD_Display_Dir)
    LCD_Fast_DrawPoint                       0x08001e19   Thumb Code   278  lcd.o(i.LCD_Fast_DrawPoint)
    LCD_Fill                                 0x08001f3d   Thumb Code   104  lcd.o(i.LCD_Fill)
    LCD_Init                                 0x08001fad   Thumb Code  9604  lcd.o(i.LCD_Init)
    LCD_RD_DATA                              0x0800453d   Thumb Code    14  lcd.o(i.LCD_RD_DATA)
    LCD_ReadPoint                            0x08004551   Thumb Code   196  lcd.o(i.LCD_ReadPoint)
    LCD_SSD_BackLightSet                     0x0800461d   Thumb Code    88  lcd.o(i.LCD_SSD_BackLightSet)
    LCD_Scan_Dir                             0x0800467d   Thumb Code   624  lcd.o(i.LCD_Scan_Dir)
    LCD_SetCursor                            0x080048f1   Thumb Code   306  lcd.o(i.LCD_SetCursor)
    LCD_ShowChar                             0x08004a29   Thumb Code   288  lcd.o(i.LCD_ShowChar)
    LCD_WR_DATA                              0x08004b65   Thumb Code    18  lcd.o(i.LCD_WR_DATA)
    LCD_WR_REG                               0x08004b7d   Thumb Code    18  lcd.o(i.LCD_WR_REG)
    LCD_WriteRAM_Prepare                     0x08004b95   Thumb Code    10  lcd.o(i.LCD_WriteRAM_Prepare)
    LCD_WriteReg                             0x08004ba9   Thumb Code    10  lcd.o(i.LCD_WriteReg)
    LED_Init                                 0x08004bb9   Thumb Code    46  led.o(i.LED_Init)
    LTDC_Clear                               0x08004bf9   Thumb Code    32  ltdc.o(i.LTDC_Clear)
    LTDC_Clk_Set                             0x08004c1d   Thumb Code   148  ltdc.o(i.LTDC_Clk_Set)
    LTDC_Color_Fill                          0x08004cb5   Thumb Code   322  ltdc.o(i.LTDC_Color_Fill)
    LTDC_Display_Dir                         0x08004e09   Thumb Code    40  ltdc.o(i.LTDC_Display_Dir)
    LTDC_Draw_Point                          0x08004e35   Thumb Code    70  ltdc.o(i.LTDC_Draw_Point)
    LTDC_Fill                                0x08004e85   Thumb Code   312  ltdc.o(i.LTDC_Fill)
    LTDC_Init                                0x08004fcd   Thumb Code   860  ltdc.o(i.LTDC_Init)
    LTDC_Layer_Parameter_Config              0x08005359   Thumb Code   132  ltdc.o(i.LTDC_Layer_Parameter_Config)
    LTDC_Layer_Switch                        0x080053e1   Thumb Code    90  ltdc.o(i.LTDC_Layer_Switch)
    LTDC_Layer_Window_Config                 0x08005441   Thumb Code   304  ltdc.o(i.LTDC_Layer_Window_Config)
    LTDC_PanelID_Read                        0x08005579   Thumb Code   136  ltdc.o(i.LTDC_PanelID_Read)
    LTDC_Read_Point                          0x08005619   Thumb Code    72  ltdc.o(i.LTDC_Read_Point)
    LTDC_Select_Layer                        0x08005669   Thumb Code     6  ltdc.o(i.LTDC_Select_Layer)
    LTDC_Switch                              0x08005675   Thumb Code    34  ltdc.o(i.LTDC_Switch)
    MY_NVIC_Init                             0x0800569d   Thumb Code   116  sys.o(i.MY_NVIC_Init)
    MY_NVIC_PriorityGroupConfig              0x08005715   Thumb Code    32  sys.o(i.MY_NVIC_PriorityGroupConfig)
    MY_NVIC_SetVectorTable                   0x0800573d   Thumb Code    12  sys.o(i.MY_NVIC_SetVectorTable)
    NAND_CopyPageWithWrite                   0x0800574d   Thumb Code   502  nand.o(i.NAND_CopyPageWithWrite)
    NAND_CopyPageWithoutWrite                0x08005955   Thumb Code   180  nand.o(i.NAND_CopyPageWithoutWrite)
    NAND_Delay                               0x08005a15   Thumb Code    18  nand.o(i.NAND_Delay)
    NAND_ECC_Correction                      0x08005a29   Thumb Code   152  nand.o(i.NAND_ECC_Correction)
    NAND_ECC_Get_OE                          0x08005aed   Thumb Code    58  nand.o(i.NAND_ECC_Get_OE)
    NAND_EraseBlock                          0x08005b29   Thumb Code    70  nand.o(i.NAND_EraseBlock)
    NAND_Init                                0x08005b85   Thumb Code   434  nand.o(i.NAND_Init)
    NAND_ModeSet                             0x08005d59   Thumb Code    46  nand.o(i.NAND_ModeSet)
    NAND_ReadID                              0x08005d91   Thumb Code    86  nand.o(i.NAND_ReadID)
    NAND_ReadPage                            0x08005df1   Thumb Code   578  nand.o(i.NAND_ReadPage)
    NAND_ReadPageComp                        0x0800608d   Thumb Code   134  nand.o(i.NAND_ReadPageComp)
    NAND_ReadSpare                           0x0800611d   Thumb Code    58  nand.o(i.NAND_ReadSpare)
    NAND_ReadStatus                          0x0800615d   Thumb Code    74  nand.o(i.NAND_ReadStatus)
    NAND_Reset                               0x080061ad   Thumb Code    24  nand.o(i.NAND_Reset)
    NAND_WaitForReady                        0x080061c9   Thumb Code    50  nand.o(i.NAND_WaitForReady)
    NAND_WaitRB                              0x08006201   Thumb Code    52  nand.o(i.NAND_WaitRB)
    NAND_WritePage                           0x08006239   Thumb Code   370  nand.o(i.NAND_WritePage)
    NAND_WritePageConst                      0x080063bd   Thumb Code    92  nand.o(i.NAND_WritePageConst)
    NAND_WriteSpare                          0x08006421   Thumb Code    58  nand.o(i.NAND_WriteSpare)
    SDEnWideBus                              0x08006461   Thumb Code   118  sdio_sdcard.o(i.SDEnWideBus)
    SDIO_Clock_Set                           0x080064e1   Thumb Code    16  sdio_sdcard.o(i.SDIO_Clock_Set)
    SDIO_IRQHandler                          0x080064f5   Thumb Code     8  sdio_sdcard.o(i.SDIO_IRQHandler)
    SDIO_Send_Cmd                            0x080064fd   Thumb Code    40  sdio_sdcard.o(i.SDIO_Send_Cmd)
    SDIO_Send_Data_Cfg                       0x08006529   Thumb Code    50  sdio_sdcard.o(i.SDIO_Send_Data_Cfg)
    SDRAM_Init                               0x08006561   Thumb Code   688  sdram.o(i.SDRAM_Init)
    SDRAM_Send_Cmd                           0x0800682d   Thumb Code    66  sdram.o(i.SDRAM_Send_Cmd)
    SD_DMA_Config                            0x08006875   Thumb Code   138  sdio_sdcard.o(i.SD_DMA_Config)
    SD_EnableWideBusOperation                0x08006909   Thumb Code    86  sdio_sdcard.o(i.SD_EnableWideBusOperation)
    SD_GetCardInfo                           0x08006969   Thumb Code   768  sdio_sdcard.o(i.SD_GetCardInfo)
    SD_Init                                  0x08006c79   Thumb Code   348  sdio_sdcard.o(i.SD_Init)
    SD_InitializeCards                       0x08006df1   Thumb Code   256  sdio_sdcard.o(i.SD_InitializeCards)
    SD_PowerON                               0x08006f05   Thumb Code   366  sdio_sdcard.o(i.SD_PowerON)
    SD_ProcessIRQSrc                         0x08007085   Thumb Code   346  sdio_sdcard.o(i.SD_ProcessIRQSrc)
    SD_ReadBlocks                            0x080071f1   Thumb Code   618  sdio_sdcard.o(i.SD_ReadBlocks)
    SD_ReadDisk                              0x0800747d   Thumb Code   124  sdio_sdcard.o(i.SD_ReadDisk)
    SD_SelectDeselect                        0x08007501   Thumb Code    22  sdio_sdcard.o(i.SD_SelectDeselect)
    SD_SetDeviceMode                         0x08007519   Thumb Code    20  sdio_sdcard.o(i.SD_SetDeviceMode)
    SD_WriteBlocks                           0x08007531   Thumb Code   942  sdio_sdcard.o(i.SD_WriteBlocks)
    SD_WriteDisk                             0x08007901   Thumb Code   124  sdio_sdcard.o(i.SD_WriteDisk)
    SPI5_Init                                0x08007985   Thumb Code   166  spi.o(i.SPI5_Init)
    SPI5_ReadWriteByte                       0x08007a39   Thumb Code    42  spi.o(i.SPI5_ReadWriteByte)
    SPI5_SetSpeed                            0x08007a69   Thumb Code    40  spi.o(i.SPI5_SetSpeed)
    Show_Font                                0x08007a95   Thumb Code   194  text.o(i.Show_Font)
    Show_Str                                 0x08007b61   Thumb Code   194  text.o(i.Show_Str)
    Stm32_Clock_Init                         0x08007c25   Thumb Code    90  sys.o(i.Stm32_Clock_Init)
    Sys_Clock_Set                            0x08007c8d   Thumb Code   254  sys.o(i.Sys_Clock_Set)
    TIM4_IRQHandler                          0x08007d99   Thumb Code    50  usmart.o(i.TIM4_IRQHandler)
    Timer4_Init                              0x08007dd5   Thumb Code    72  usmart.o(i.Timer4_Init)
    USART1_IRQHandler                        0x08007e25   Thumb Code   116  usart.o(i.USART1_IRQHandler)
    W25QXX_Erase_Sector                      0x08007ea5   Thumb Code    86  w25qxx.o(i.W25QXX_Erase_Sector)
    W25QXX_Init                              0x08007f0d   Thumb Code   106  w25qxx.o(i.W25QXX_Init)
    W25QXX_Read                              0x08007f8d   Thumb Code    92  w25qxx.o(i.W25QXX_Read)
    W25QXX_ReadID                            0x08007ff1   Thumb Code    64  w25qxx.o(i.W25QXX_ReadID)
    W25QXX_ReadSR                            0x08008039   Thumb Code    72  w25qxx.o(i.W25QXX_ReadSR)
    W25QXX_Wait_Busy                         0x08008089   Thumb Code    20  w25qxx.o(i.W25QXX_Wait_Busy)
    W25QXX_Write                             0x0800809d   Thumb Code   196  w25qxx.o(i.W25QXX_Write)
    W25QXX_Write_Enable                      0x08008161   Thumb Code    24  w25qxx.o(i.W25QXX_Write_Enable)
    W25QXX_Write_NoCheck                     0x08008181   Thumb Code    70  w25qxx.o(i.W25QXX_Write_NoCheck)
    W25QXX_Write_Page                        0x080081c9   Thumb Code    98  w25qxx.o(i.W25QXX_Write_Page)
    _is_digit                                0x08008235   Thumb Code    14  __printf_wp.o(i._is_digit)
    _sys_exit                                0x08008243   Thumb Code     4  usart.o(i._sys_exit)
    ai_draw_init                             0x08008249   Thumb Code   216  piclib.o(i.ai_draw_init)
    ai_load_picfile                          0x08008329   Thumb Code   194  piclib.o(i.ai_load_picfile)
    char_upper                               0x080087d9   Thumb Code    26  exfuns.o(i.char_upper)
    delay_init                               0x08008fa9   Thumb Code    46  delay.o(i.delay_init)
    delay_ms                                 0x08008fe1   Thumb Code    56  delay.o(i.delay_ms)
    delay_us                                 0x08009019   Thumb Code    56  delay.o(i.delay_us)
    delay_xms                                0x08009055   Thumb Code    56  delay.o(i.delay_xms)
    dir_sdi                                  0x080096dd   Thumb Code   170  ff.o(i.dir_sdi)
    disk_initialize                          0x08009787   Thumb Code    56  diskio.o(i.disk_initialize)
    disk_ioctl                               0x080097c1   Thumb Code   270  diskio.o(i.disk_ioctl)
    disk_read                                0x080098d9   Thumb Code   144  diskio.o(i.disk_read)
    disk_status                              0x08009969   Thumb Code     6  diskio.o(i.disk_status)
    disk_write                               0x0800996f   Thumb Code   144  diskio.o(i.disk_write)
    exfuns_init                              0x08009a01   Thumb Code   114  exfuns.o(i.exfuns_init)
    f_close                                  0x08009a85   Thumb Code    38  ff.o(i.f_close)
    f_lseek                                  0x08009aab   Thumb Code  1050  ff.o(i.f_lseek)
    f_mount                                  0x08009ec5   Thumb Code    86  ff.o(i.f_mount)
    f_open                                   0x08009f21   Thumb Code   700  ff.o(i.f_open)
    f_opendir                                0x0800a1dd   Thumb Code   226  ff.o(i.f_opendir)
    f_read                                   0x0800a2bf   Thumb Code   552  ff.o(i.f_read)
    f_readdir                                0x0800a4e7   Thumb Code   122  ff.o(i.f_readdir)
    f_sync                                   0x0800a561   Thumb Code   398  ff.o(i.f_sync)
    f_typetell                               0x0800a6f1   Thumb Code   172  exfuns.o(i.f_typetell)
    ff_convert                               0x0800a7a1   Thumb Code   146  mycc936.o(i.ff_convert)
    ff_memalloc                              0x0800a839   Thumb Code    14  diskio.o(i.ff_memalloc)
    ff_memfree                               0x0800a847   Thumb Code    14  diskio.o(i.ff_memfree)
    ff_wtoupper                              0x0800a855   Thumb Code    46  mycc936.o(i.ff_wtoupper)
    fputc                                    0x0800aea5   Thumb Code    22  usart.o(i.fputc)
    get_fattime                              0x0800b107   Thumb Code     4  diskio.o(i.get_fattime)
    gif_check_head                           0x0800b373   Thumb Code    88  gif.o(i.gif_check_head)
    gif_clear2bkcolor                        0x0800b3cd   Thumb Code   496  gif.o(i.gif_clear2bkcolor)
    gif_decode                               0x0800b5c1   Thumb Code   296  gif.o(i.gif_decode)
    gif_dispimage                            0x0800b6ed   Thumb Code   524  gif.o(i.gif_dispimage)
    gif_drawimage                            0x0800b905   Thumb Code   344  gif.o(i.gif_drawimage)
    gif_getdatablock                         0x0800ba5d   Thumb Code   104  gif.o(i.gif_getdatablock)
    gif_getinfo                              0x0800bac5   Thumb Code    70  gif.o(i.gif_getinfo)
    gif_getnextbyte                          0x0800bb0b   Thumb Code   856  gif.o(i.gif_getnextbyte)
    gif_getnextcode                          0x0800be65   Thumb Code   452  gif.o(i.gif_getnextcode)
    gif_getrgb565                            0x0800c02d   Thumb Code    28  gif.o(i.gif_getrgb565)
    gif_initlzw                              0x0800c049   Thumb Code   152  gif.o(i.gif_initlzw)
    gif_readcolortbl                         0x0800c0e1   Thumb Code    64  gif.o(i.gif_readcolortbl)
    gif_readextension                        0x0800c121   Thumb Code   160  gif.o(i.gif_readextension)
    gif_recovergctbl                         0x0800c1c1   Thumb Code    38  gif.o(i.gif_recovergctbl)
    gif_savegctbl                            0x0800c1e7   Thumb Code    38  gif.o(i.gif_savegctbl)
    is_element_ok                            0x0800c2cd   Thumb Code    36  piclib.o(i.is_element_ok)
    jd_decomp                                0x0800c2f5   Thumb Code   162  tjpgd.o(i.jd_decomp)
    jd_prepare                               0x0800c397   Thumb Code   924  tjpgd.o(i.jd_prepare)
    jpeg_freeall                             0x0800c735   Thumb Code    28  tjpgd.o(i.jpeg_freeall)
    jpeg_in_func                             0x0800c75d   Thumb Code    62  tjpgd.o(i.jpeg_in_func)
    jpeg_mallocall                           0x0800c79d   Thumb Code    70  tjpgd.o(i.jpeg_mallocall)
    jpeg_out_func_fill                       0x0800c7f1   Thumb Code    74  tjpgd.o(i.jpeg_out_func_fill)
    jpeg_out_func_point                      0x0800c845   Thumb Code   182  tjpgd.o(i.jpeg_out_func_point)
    jpg_decode                               0x0800c905   Thumb Code   232  tjpgd.o(i.jpg_decode)
    main                                     0x0800cbcd   Thumb Code   816  test.o(i.main)
    mf_scan_files                            0x0800d55d   Thumb Code    70  fattester.o(i.mf_scan_files)
    minibmp_decode                           0x0800d5bd   Thumb Code   974  bmp.o(i.minibmp_decode)
    my_mem_free                              0x0800d9c9   Thumb Code    96  malloc.o(i.my_mem_free)
    my_mem_init                              0x0800da35   Thumb Code    34  malloc.o(i.my_mem_init)
    my_mem_malloc                            0x0800da61   Thumb Code   156  malloc.o(i.my_mem_malloc)
    my_mem_perused                           0x0800db09   Thumb Code    56  malloc.o(i.my_mem_perused)
    myfree                                   0x0800db49   Thumb Code    30  malloc.o(i.myfree)
    mymalloc                                 0x0800db6d   Thumb Code    34  malloc.o(i.mymalloc)
    mymemset                                 0x0800db95   Thumb Code    20  malloc.o(i.mymemset)
    opt_delay                                0x0800dba9   Thumb Code    14  lcd.o(i.opt_delay)
    pic_get_tnum                             0x0800dbb7   Thumb Code    94  test.o(i.pic_get_tnum)
    pic_memalloc                             0x0800dc15   Thumb Code    14  piclib.o(i.pic_memalloc)
    pic_memfree                              0x0800dc23   Thumb Code    14  piclib.o(i.pic_memfree)
    piclib_alpha_blend                       0x0800dcb9   Thumb Code    42  piclib.o(i.piclib_alpha_blend)
    piclib_draw_hline                        0x0800dce9   Thumb Code    52  piclib.o(i.piclib_draw_hline)
    piclib_fill_color                        0x0800dd21   Thumb Code   128  piclib.o(i.piclib_fill_color)
    piclib_init                              0x0800ddad   Thumb Code    58  piclib.o(i.piclib_init)
    read_addr                                0x0800dfcd   Thumb Code     6  usmart.o(i.read_addr)
    stdbmp_decode                            0x0800e1f1   Thumb Code   724  bmp.o(i.stdbmp_decode)
    uart_init                                0x0800e641   Thumb Code   240  usart.o(i.uart_init)
    usmart_cmd_rec                           0x0800e741   Thumb Code   170  usmart.o(i.usmart_cmd_rec)
    usmart_exe                               0x0800e7f1   Thumb Code   632  usmart.o(i.usmart_exe)
    usmart_get_aparm                         0x0800eac5   Thumb Code   212  usmart_str.o(i.usmart_get_aparm)
    usmart_get_cmdname                       0x0800eb99   Thumb Code    54  usmart_str.o(i.usmart_get_cmdname)
    usmart_get_fname                         0x0800ebd1   Thumb Code   440  usmart_str.o(i.usmart_get_fname)
    usmart_get_fparam                        0x0800ed91   Thumb Code   262  usmart_str.o(i.usmart_get_fparam)
    usmart_get_parmpos                       0x0800ee9d   Thumb Code    26  usmart_str.o(i.usmart_get_parmpos)
    usmart_get_runtime                       0x0800eebd   Thumb Code    56  usmart.o(i.usmart_get_runtime)
    usmart_init                              0x0800eefd   Thumb Code    36  usmart.o(i.usmart_init)
    usmart_pow                               0x0800ef25   Thumb Code    22  usmart_str.o(i.usmart_pow)
    usmart_reset_runtime                     0x0800ef3d   Thumb Code    38  usmart.o(i.usmart_reset_runtime)
    usmart_scan                              0x0800ef6d   Thumb Code   120  usmart.o(i.usmart_scan)
    usmart_search_nextc                      0x0800f029   Thumb Code    22  usmart_str.o(i.usmart_search_nextc)
    usmart_str2num                           0x0800f03f   Thumb Code   262  usmart_str.o(i.usmart_str2num)
    usmart_strcmp                            0x0800f145   Thumb Code    34  usmart_str.o(i.usmart_strcmp)
    usmart_strcopy                           0x0800f167   Thumb Code    22  usmart_str.o(i.usmart_strcopy)
    usmart_strlen                            0x0800f17d   Thumb Code    24  usmart_str.o(i.usmart_strlen)
    usmart_sys_cmd_exe                       0x0800f195   Thumb Code  1570  usmart.o(i.usmart_sys_cmd_exe)
    write_addr                               0x0800f8cb   Thumb Code     4  usmart.o(i.write_addr)
    __aeabi_d2uiz                            0x0800f955   Thumb Code     0  dfixu.o(x$fpl$dfixu)
    _dfixu                                   0x0800f955   Thumb Code    90  dfixu.o(x$fpl$dfixu)
    __aeabi_ui2d                             0x0800f9af   Thumb Code     0  dflt_clz.o(x$fpl$dfltu)
    _dfltu                                   0x0800f9af   Thumb Code    38  dflt_clz.o(x$fpl$dfltu)
    __aeabi_dmul                             0x0800f9d5   Thumb Code     0  dmul.o(x$fpl$dmul)
    _dmul                                    0x0800f9d5   Thumb Code   332  dmul.o(x$fpl$dmul)
    __fpl_dnaninf                            0x0800fb29   Thumb Code   156  dnaninf.o(x$fpl$dnaninf)
    __fpl_dretinf                            0x0800fbc5   Thumb Code    12  dretinf.o(x$fpl$dretinf)
    _fp_init                                 0x0800fbd1   Thumb Code    10  fpinit.o(x$fpl$fpinit)
    __fplib_config_fpu_vfp                   0x0800fbd9   Thumb Code     0  fpinit.o(x$fpl$fpinit)
    __fplib_config_pureend_doubles           0x0800fbd9   Thumb Code     0  fpinit.o(x$fpl$fpinit)
    __I$use$fp                               0x0800fbda   Number         0  usenofp.o(x$fpl$usenofp)
    asc2_1206                                0x0800fbda   Data        1140  lcd.o(.constdata)
    asc2_1608                                0x0801004e   Data        1520  lcd.o(.constdata)
    asc2_2412                                0x0801063e   Data        3420  lcd.o(.constdata)
    asc2_3216                                0x0801139a   Data       12160  lcd.o(.constdata)
    memtblsize                               0x0801431c   Data          12  malloc.o(.constdata)
    memblksize                               0x08014328   Data          12  malloc.o(.constdata)
    memsize                                  0x08014334   Data          12  malloc.o(.constdata)
    FILE_TYPE_TBL                            0x0801438c   Data         112  exfuns.o(.constdata)
    _aMaskTbl                                0x080147bc   Data          32  gif.o(.constdata)
    _aInterlaceOffset                        0x080147dc   Data           4  gif.o(.constdata)
    _aInterlaceYPos                          0x080147e0   Data           4  gif.o(.constdata)
    Region$$Table$$Base                      0x08014e4c   Number         0  anon$$obj.o(Region$$Table)
    Region$$Table$$Limit                     0x08014e6c   Number         0  anon$$obj.o(Region$$Table)
    mem3base                                 0x10000000   Data       61440  malloc.o(.ARM.__AT_0x10000000)
    mem3mapbase                              0x1000f000   Data        3840  malloc.o(.ARM.__AT_0x1000F000)
    __stdout                                 0x20000004   Data           4  usart.o(.data)
    USART_RX_STA                             0x20000008   Data           2  usart.o(.data)
    POINT_COLOR                              0x2000000c   Data           4  lcd.o(.data)
    BACK_COLOR                               0x20000010   Data           4  lcd.o(.data)
    ltdc_framebuf                            0x20000014   Data           8  ltdc.o(.data)
    TransferError                            0x2000002a   Data           1  sdio_sdcard.o(.data)
    TransferEnd                              0x2000002b   Data           1  sdio_sdcard.o(.data)
    W25QXX_TYPE                              0x2000002c   Data           2  w25qxx.o(.data)
    mallco_dev                               0x20000034   Data          36  malloc.o(.data)
    file                                     0x2000005c   Data           4  exfuns.o(.data)
    ftemp                                    0x20000060   Data           4  exfuns.o(.data)
    br                                       0x20000064   Data           4  exfuns.o(.data)
    bw                                       0x20000068   Data           4  exfuns.o(.data)
    fatbuf                                   0x2000006c   Data           4  exfuns.o(.data)
    gifdecoding                              0x20000070   Data           1  gif.o(.data)
    f_jpeg                                   0x20000074   Data           4  tjpgd.o(.data)
    jpeg_dev                                 0x20000078   Data           4  tjpgd.o(.data)
    jpg_buffer                               0x2000007c   Data           4  tjpgd.o(.data)
    sys_cmd_tab                              0x20000080   Data          28  usmart.o(.data)
    usmart_nametab                           0x2000009c   Data          40  usmart_config.o(.data)
    usmart_dev                               0x200000c4   Data         244  usmart_config.o(.data)
    USART_RX_BUF                             0x200001b8   Data         200  usart.o(.bss)
    lcddev                                   0x20000280   Data          14  lcd.o(.bss)
    lcdltdc                                  0x20000290   Data          32  ltdc.o(.bss)
    SDCardInfo                               0x200002d0   Data          88  sdio_sdcard.o(.bss)
    SDIO_DATA_BUFFER                         0x20000328   Data         512  sdio_sdcard.o(.bss)
    nand_dev                                 0x20000528   Data          92  nand.o(.bss)
    mem1base                                 0x200005a0   Data       163840  malloc.o(.bss)
    mem1mapbase                              0x200285a0   Data       10240  malloc.o(.bss)
    fs                                       0x2002adb0   Data          12  exfuns.o(.bss)
    fileinfo                                 0x2002adc0   Data         288  exfuns.o(.bss)
    dir                                      0x2002aee0   Data          72  exfuns.o(.bss)
    ftinfo                                   0x2002af28   Data          41  fontupd.o(.bss)
    picinfo                                  0x2002af54   Data          40  piclib.o(.bss)
    pic_phy                                  0x2002af7c   Data          20  piclib.o(.bss)
    __libspace_start                         0x2002af90   Data          96  libspace.o(.bss)
    __temporary_stack_top$libspace           0x2002aff0   Data           0  libspace.o(.bss)
    ltdc_lcd_framebuf                        0xc0000000   Data       2048000  ltdc.o(.ARM.__AT_0xC0000000)
    mem2base                                 0xc01f4000   Data       29605888  malloc.o(.ARM.__AT_0xC01F4000)
    mem2mapbase                              0xc1e30000   Data       1850368  malloc.o(.ARM.__AT_0xC1E30000)



==============================================================================

Memory Map of the image

  Image Entry point : 0x080001ad

  Load Region LR_IROM1 (Base: 0x08000000, Size: 0x00015024, Max: 0x00100000, ABSOLUTE, COMPRESSED[0x00014ee8])

    Execution Region ER_IROM1 (Exec base: 0x08000000, Load base: 0x08000000, Size: 0x00014e6c, Max: 0x00100000, ABSOLUTE)

    Exec Addr    Load Addr    Size         Type   Attr      Idx    E Section Name        Object

    0x08000000   0x08000000   0x000001ac   Data   RO            3    RESET               startup_stm32f429xx.o
    0x080001ac   0x080001ac   0x00000008   Code   RO         3004  * !!!main             c_w.l(__main.o)
    0x080001b4   0x080001b4   0x00000034   Code   RO         3210    !!!scatter          c_w.l(__scatter.o)
    0x080001e8   0x080001e8   0x0000005a   Code   RO         3208    !!dczerorl2         c_w.l(__dczerorl2.o)
    0x08000242   0x08000242   0x00000002   PAD
    0x08000244   0x08000244   0x0000001c   Code   RO         3212    !!handler_zi        c_w.l(__scatter_zi.o)
    0x08000260   0x08000260   0x00000000   Code   RO         2988    .ARM.Collect$$_printf_percent$$00000000  c_w.l(_printf_percent.o)
    0x08000260   0x08000260   0x00000006   Code   RO         2986    .ARM.Collect$$_printf_percent$$00000009  c_w.l(_printf_d.o)
    0x08000266   0x08000266   0x00000006   Code   RO         2987    .ARM.Collect$$_printf_percent$$0000000A  c_w.l(_printf_u.o)
    0x0800026c   0x0800026c   0x00000006   Code   RO         2985    .ARM.Collect$$_printf_percent$$0000000C  c_w.l(_printf_x.o)
    0x08000272   0x08000272   0x00000006   Code   RO         2983    .ARM.Collect$$_printf_percent$$00000013  c_w.l(_printf_c.o)
    0x08000278   0x08000278   0x00000006   Code   RO         2984    .ARM.Collect$$_printf_percent$$00000014  c_w.l(_printf_s.o)
    0x0800027e   0x0800027e   0x00000004   Code   RO         3033    .ARM.Collect$$_printf_percent$$00000017  c_w.l(_printf_percent_end.o)
    0x08000282   0x08000282   0x00000002   Code   RO         3082    .ARM.Collect$$libinit$$00000000  c_w.l(libinit.o)
    0x08000284   0x08000284   0x00000004   Code   RO         3094    .ARM.Collect$$libinit$$00000001  c_w.l(libinit2.o)
    0x08000288   0x08000288   0x00000000   Code   RO         3097    .ARM.Collect$$libinit$$00000004  c_w.l(libinit2.o)
    0x08000288   0x08000288   0x00000000   Code   RO         3100    .ARM.Collect$$libinit$$0000000A  c_w.l(libinit2.o)
    0x08000288   0x08000288   0x00000000   Code   RO         3102    .ARM.Collect$$libinit$$0000000C  c_w.l(libinit2.o)
    0x08000288   0x08000288   0x00000000   Code   RO         3104    .ARM.Collect$$libinit$$0000000E  c_w.l(libinit2.o)
    0x08000288   0x08000288   0x00000000   Code   RO         3107    .ARM.Collect$$libinit$$00000011  c_w.l(libinit2.o)
    0x08000288   0x08000288   0x00000000   Code   RO         3109    .ARM.Collect$$libinit$$00000013  c_w.l(libinit2.o)
    0x08000288   0x08000288   0x00000000   Code   RO         3111    .ARM.Collect$$libinit$$00000015  c_w.l(libinit2.o)
    0x08000288   0x08000288   0x00000000   Code   RO         3113    .ARM.Collect$$libinit$$00000017  c_w.l(libinit2.o)
    0x08000288   0x08000288   0x00000000   Code   RO         3115    .ARM.Collect$$libinit$$00000019  c_w.l(libinit2.o)
    0x08000288   0x08000288   0x00000000   Code   RO         3117    .ARM.Collect$$libinit$$0000001B  c_w.l(libinit2.o)
    0x08000288   0x08000288   0x00000000   Code   RO         3119    .ARM.Collect$$libinit$$0000001D  c_w.l(libinit2.o)
    0x08000288   0x08000288   0x00000000   Code   RO         3121    .ARM.Collect$$libinit$$0000001F  c_w.l(libinit2.o)
    0x08000288   0x08000288   0x00000000   Code   RO         3123    .ARM.Collect$$libinit$$00000021  c_w.l(libinit2.o)
    0x08000288   0x08000288   0x00000000   Code   RO         3125    .ARM.Collect$$libinit$$00000023  c_w.l(libinit2.o)
    0x08000288   0x08000288   0x00000000   Code   RO         3127    .ARM.Collect$$libinit$$00000025  c_w.l(libinit2.o)
    0x08000288   0x08000288   0x00000000   Code   RO         3131    .ARM.Collect$$libinit$$0000002C  c_w.l(libinit2.o)
    0x08000288   0x08000288   0x00000000   Code   RO         3133    .ARM.Collect$$libinit$$0000002E  c_w.l(libinit2.o)
    0x08000288   0x08000288   0x00000000   Code   RO         3135    .ARM.Collect$$libinit$$00000030  c_w.l(libinit2.o)
    0x08000288   0x08000288   0x00000000   Code   RO         3137    .ARM.Collect$$libinit$$00000032  c_w.l(libinit2.o)
    0x08000288   0x08000288   0x00000002   Code   RO         3138    .ARM.Collect$$libinit$$00000033  c_w.l(libinit2.o)
    0x0800028a   0x0800028a   0x00000002   Code   RO         3162    .ARM.Collect$$libshutdown$$00000000  c_w.l(libshutdown.o)
    0x0800028c   0x0800028c   0x00000000   Code   RO         3188    .ARM.Collect$$libshutdown$$00000002  c_w.l(libshutdown2.o)
    0x0800028c   0x0800028c   0x00000000   Code   RO         3190    .ARM.Collect$$libshutdown$$00000004  c_w.l(libshutdown2.o)
    0x0800028c   0x0800028c   0x00000000   Code   RO         3192    .ARM.Collect$$libshutdown$$00000006  c_w.l(libshutdown2.o)
    0x0800028c   0x0800028c   0x00000000   Code   RO         3195    .ARM.Collect$$libshutdown$$00000009  c_w.l(libshutdown2.o)
    0x0800028c   0x0800028c   0x00000000   Code   RO         3198    .ARM.Collect$$libshutdown$$0000000C  c_w.l(libshutdown2.o)
    0x0800028c   0x0800028c   0x00000000   Code   RO         3200    .ARM.Collect$$libshutdown$$0000000E  c_w.l(libshutdown2.o)
    0x0800028c   0x0800028c   0x00000000   Code   RO         3203    .ARM.Collect$$libshutdown$$00000011  c_w.l(libshutdown2.o)
    0x0800028c   0x0800028c   0x00000002   Code   RO         3204    .ARM.Collect$$libshutdown$$00000012  c_w.l(libshutdown2.o)
    0x0800028e   0x0800028e   0x00000000   Code   RO         3020    .ARM.Collect$$rtentry$$00000000  c_w.l(__rtentry.o)
    0x0800028e   0x0800028e   0x00000000   Code   RO         3045    .ARM.Collect$$rtentry$$00000002  c_w.l(__rtentry2.o)
    0x0800028e   0x0800028e   0x00000006   Code   RO         3057    .ARM.Collect$$rtentry$$00000004  c_w.l(__rtentry4.o)
    0x08000294   0x08000294   0x00000000   Code   RO         3047    .ARM.Collect$$rtentry$$00000009  c_w.l(__rtentry2.o)
    0x08000294   0x08000294   0x00000004   Code   RO         3048    .ARM.Collect$$rtentry$$0000000A  c_w.l(__rtentry2.o)
    0x08000298   0x08000298   0x00000000   Code   RO         3050    .ARM.Collect$$rtentry$$0000000C  c_w.l(__rtentry2.o)
    0x08000298   0x08000298   0x00000008   Code   RO         3051    .ARM.Collect$$rtentry$$0000000D  c_w.l(__rtentry2.o)
    0x080002a0   0x080002a0   0x00000002   Code   RO         3086    .ARM.Collect$$rtexit$$00000000  c_w.l(rtexit.o)
    0x080002a2   0x080002a2   0x00000000   Code   RO         3140    .ARM.Collect$$rtexit$$00000002  c_w.l(rtexit2.o)
    0x080002a2   0x080002a2   0x00000004   Code   RO         3141    .ARM.Collect$$rtexit$$00000003  c_w.l(rtexit2.o)
    0x080002a6   0x080002a6   0x00000006   Code   RO         3142    .ARM.Collect$$rtexit$$00000004  c_w.l(rtexit2.o)
    0x080002ac   0x080002ac   0x00000044   Code   RO            4    .text               startup_stm32f429xx.o
    0x080002f0   0x080002f0   0x00000002   Code   RO         2922    .text               c_w.l(use_no_semi_2.o)
    0x080002f2   0x080002f2   0x000000ee   Code   RO         2924    .text               c_w.l(lludivv7m.o)
    0x080003e0   0x080003e0   0x00000048   Code   RO         2926    .text               c_w.l(llsdiv.o)
    0x08000428   0x08000428   0x00000018   Code   RO         2930    .text               c_w.l(noretval__2printf.o)
    0x08000440   0x08000440   0x0000004e   Code   RO         2934    .text               c_w.l(_printf_pad.o)
    0x0800048e   0x0800048e   0x00000052   Code   RO         2936    .text               c_w.l(_printf_str.o)
    0x080004e0   0x080004e0   0x00000078   Code   RO         2938    .text               c_w.l(_printf_dec.o)
    0x08000558   0x08000558   0x00000058   Code   RO         2945    .text               c_w.l(_printf_hex_int.o)
    0x080005b0   0x080005b0   0x00000188   Code   RO         2980    .text               c_w.l(__printf_flags_ss_wp.o)
    0x08000738   0x08000738   0x00000048   Code   RO         2990    .text               c_w.l(strcpy.o)
    0x08000780   0x08000780   0x00000018   Code   RO         2994    .text               c_w.l(strcat.o)
    0x08000798   0x08000798   0x0000008a   Code   RO         2996    .text               c_w.l(rt_memcpy_v6.o)
    0x08000822   0x08000822   0x00000044   Code   RO         2998    .text               c_w.l(rt_memclr.o)
    0x08000866   0x08000866   0x00000002   PAD
    0x08000868   0x08000868   0x00000080   Code   RO         3000    .text               c_w.l(strcmpv7m.o)
    0x080008e8   0x080008e8   0x00000006   Code   RO         3002    .text               c_w.l(heapauxi.o)
    0x080008ee   0x080008ee   0x00000002   Code   RO         3018    .text               c_w.l(use_no_semi.o)
    0x080008f0   0x080008f0   0x000000b2   Code   RO         3027    .text               c_w.l(_printf_intcommon.o)
    0x080009a2   0x080009a2   0x0000002c   Code   RO         3029    .text               c_w.l(_printf_char.o)
    0x080009ce   0x080009ce   0x00000002   PAD
    0x080009d0   0x080009d0   0x00000024   Code   RO         3031    .text               c_w.l(_printf_char_file.o)
    0x080009f4   0x080009f4   0x00000064   Code   RO         3035    .text               c_w.l(rt_memcpy_w.o)
    0x08000a58   0x08000a58   0x0000004e   Code   RO         3037    .text               c_w.l(rt_memclr_w.o)
    0x08000aa6   0x08000aa6   0x00000002   PAD
    0x08000aa8   0x08000aa8   0x00000030   Code   RO         3061    .text               c_w.l(_printf_char_common.o)
    0x08000ad8   0x08000ad8   0x00000008   Code   RO         3063    .text               c_w.l(ferror.o)
    0x08000ae0   0x08000ae0   0x0000004a   Code   RO         3067    .text               c_w.l(sys_stackheap_outer.o)
    0x08000b2a   0x08000b2a   0x00000012   Code   RO         3071    .text               c_w.l(exit.o)
    0x08000b3c   0x08000b3c   0x00000008   Code   RO         3083    .text               c_w.l(libspace.o)
    0x08000b44   0x08000b44   0x00000038   Code   RO          802    i.CmdError          sdio_sdcard.o
    0x08000b7c   0x08000b7c   0x00000060   Code   RO          803    i.CmdResp1Error     sdio_sdcard.o
    0x08000bdc   0x08000bdc   0x00000068   Code   RO          804    i.CmdResp2Error     sdio_sdcard.o
    0x08000c44   0x08000c44   0x00000040   Code   RO          805    i.CmdResp3Error     sdio_sdcard.o
    0x08000c84   0x08000c84   0x000000a0   Code   RO          806    i.CmdResp6Error     sdio_sdcard.o
    0x08000d24   0x08000d24   0x0000005c   Code   RO          807    i.CmdResp7Error     sdio_sdcard.o
    0x08000d80   0x08000d80   0x00000034   Code   RO         1327    i.FTL_BadBlockMark  ftl.o
    0x08000db4   0x08000db4   0x0000010c   Code   RO         1328    i.FTL_BlockCompare  ftl.o
    0x08000ec0   0x08000ec0   0x0000004c   Code   RO         1329    i.FTL_CheckBadBlock  ftl.o
    0x08000f0c   0x08000f0c   0x0000010c   Code   RO         1330    i.FTL_CopyAndWriteToBlock  ftl.o
    0x08001018   0x08001018   0x000000ec   Code   RO         1331    i.FTL_CreateLUT     ftl.o
    0x08001104   0x08001104   0x00000070   Code   RO         1332    i.FTL_FindSamePlaneUnusedBlock  ftl.o
    0x08001174   0x08001174   0x00000048   Code   RO         1333    i.FTL_FindUnusedBlock  ftl.o
    0x080011bc   0x080011bc   0x000000e4   Code   RO         1334    i.FTL_Format        ftl.o
    0x080012a0   0x080012a0   0x00000100   Code   RO         1335    i.FTL_Init          ftl.o
    0x080013a0   0x080013a0   0x00000024   Code   RO         1336    i.FTL_LBNToPBN      ftl.o
    0x080013c4   0x080013c4   0x00000150   Code   RO         1337    i.FTL_ReadSectors   ftl.o
    0x08001514   0x08001514   0x00000028   Code   RO         1339    i.FTL_UsedBlockMark  ftl.o
    0x0800153c   0x0800153c   0x00000178   Code   RO         1340    i.FTL_WriteSectors  ftl.o
    0x080016b4   0x080016b4   0x0000015c   Code   RO          808    i.FindSCR           sdio_sdcard.o
    0x08001810   0x08001810   0x00000040   Code   RO          216    i.GPIO_AF_Set       sys.o
    0x08001850   0x08001850   0x000000de   Code   RO          217    i.GPIO_Set          sys.o
    0x0800192e   0x0800192e   0x00000002   PAD
    0x08001930   0x08001930   0x000000f0   Code   RO         2317    i.Get_HzMat         text.o
    0x08001a20   0x08001a20   0x00000004   Code   RO          218    i.INTX_DISABLE      sys.o
    0x08001a24   0x08001a24   0x00000004   Code   RO          219    i.INTX_ENABLE       sys.o
    0x08001a28   0x08001a28   0x0000009c   Code   RO          809    i.IsCardProgramming  sdio_sdcard.o
    0x08001ac4   0x08001ac4   0x00000070   Code   RO          771    i.KEY_Init          key.o
    0x08001b34   0x08001b34   0x000000a0   Code   RO          772    i.KEY_Scan          key.o
    0x08001bd4   0x08001bd4   0x00000048   Code   RO          440    i.LCD_Clear         lcd.o
    0x08001c1c   0x08001c1c   0x0000007c   Code   RO          441    i.LCD_Color_Fill    lcd.o
    0x08001c98   0x08001c98   0x00000180   Code   RO          444    i.LCD_Display_Dir   lcd.o
    0x08001e18   0x08001e18   0x00000124   Code   RO          449    i.LCD_Fast_DrawPoint  lcd.o
    0x08001f3c   0x08001f3c   0x00000070   Code   RO          450    i.LCD_Fill          lcd.o
    0x08001fac   0x08001fac   0x00002590   Code   RO          451    i.LCD_Init          lcd.o
    0x0800453c   0x0800453c   0x00000014   Code   RO          453    i.LCD_RD_DATA       lcd.o
    0x08004550   0x08004550   0x000000cc   Code   RO          454    i.LCD_ReadPoint     lcd.o
    0x0800461c   0x0800461c   0x00000060   Code   RO          456    i.LCD_SSD_BackLightSet  lcd.o
    0x0800467c   0x0800467c   0x00000274   Code   RO          457    i.LCD_Scan_Dir      lcd.o
    0x080048f0   0x080048f0   0x00000138   Code   RO          458    i.LCD_SetCursor     lcd.o
    0x08004a28   0x08004a28   0x0000013c   Code   RO          460    i.LCD_ShowChar      lcd.o
    0x08004b64   0x08004b64   0x00000018   Code   RO          464    i.LCD_WR_DATA       lcd.o
    0x08004b7c   0x08004b7c   0x00000018   Code   RO          465    i.LCD_WR_REG        lcd.o
    0x08004b94   0x08004b94   0x00000014   Code   RO          467    i.LCD_WriteRAM_Prepare  lcd.o
    0x08004ba8   0x08004ba8   0x00000010   Code   RO          468    i.LCD_WriteReg      lcd.o
    0x08004bb8   0x08004bb8   0x00000040   Code   RO          373    i.LED_Init          led.o
    0x08004bf8   0x08004bf8   0x00000024   Code   RO          661    i.LTDC_Clear        ltdc.o
    0x08004c1c   0x08004c1c   0x00000098   Code   RO          662    i.LTDC_Clk_Set      ltdc.o
    0x08004cb4   0x08004cb4   0x00000154   Code   RO          663    i.LTDC_Color_Fill   ltdc.o
    0x08004e08   0x08004e08   0x0000002c   Code   RO          664    i.LTDC_Display_Dir  ltdc.o
    0x08004e34   0x08004e34   0x00000050   Code   RO          665    i.LTDC_Draw_Point   ltdc.o
    0x08004e84   0x08004e84   0x00000148   Code   RO          666    i.LTDC_Fill         ltdc.o
    0x08004fcc   0x08004fcc   0x0000038c   Code   RO          667    i.LTDC_Init         ltdc.o
    0x08005358   0x08005358   0x00000088   Code   RO          668    i.LTDC_Layer_Parameter_Config  ltdc.o
    0x080053e0   0x080053e0   0x00000060   Code   RO          669    i.LTDC_Layer_Switch  ltdc.o
    0x08005440   0x08005440   0x00000138   Code   RO          670    i.LTDC_Layer_Window_Config  ltdc.o
    0x08005578   0x08005578   0x000000a0   Code   RO          671    i.LTDC_PanelID_Read  ltdc.o
    0x08005618   0x08005618   0x00000050   Code   RO          672    i.LTDC_Read_Point   ltdc.o
    0x08005668   0x08005668   0x0000000c   Code   RO          673    i.LTDC_Select_Layer  ltdc.o
    0x08005674   0x08005674   0x00000028   Code   RO          674    i.LTDC_Switch       ltdc.o
    0x0800569c   0x0800569c   0x00000078   Code   RO          220    i.MY_NVIC_Init      sys.o
    0x08005714   0x08005714   0x00000028   Code   RO          221    i.MY_NVIC_PriorityGroupConfig  sys.o
    0x0800573c   0x0800573c   0x00000010   Code   RO          222    i.MY_NVIC_SetVectorTable  sys.o
    0x0800574c   0x0800574c   0x00000208   Code   RO         1179    i.NAND_CopyPageWithWrite  nand.o
    0x08005954   0x08005954   0x000000c0   Code   RO         1180    i.NAND_CopyPageWithoutWrite  nand.o
    0x08005a14   0x08005a14   0x00000012   Code   RO         1181    i.NAND_Delay        nand.o
    0x08005a26   0x08005a26   0x00000002   PAD
    0x08005a28   0x08005a28   0x000000c4   Code   RO         1182    i.NAND_ECC_Correction  nand.o
    0x08005aec   0x08005aec   0x0000003a   Code   RO         1183    i.NAND_ECC_Get_OE   nand.o
    0x08005b26   0x08005b26   0x00000002   PAD
    0x08005b28   0x08005b28   0x0000005c   Code   RO         1184    i.NAND_EraseBlock   nand.o
    0x08005b84   0x08005b84   0x000001d4   Code   RO         1186    i.NAND_Init         nand.o
    0x08005d58   0x08005d58   0x00000038   Code   RO         1187    i.NAND_ModeSet      nand.o
    0x08005d90   0x08005d90   0x00000060   Code   RO         1188    i.NAND_ReadID       nand.o
    0x08005df0   0x08005df0   0x0000029c   Code   RO         1189    i.NAND_ReadPage     nand.o
    0x0800608c   0x0800608c   0x00000090   Code   RO         1190    i.NAND_ReadPageComp  nand.o
    0x0800611c   0x0800611c   0x00000040   Code   RO         1191    i.NAND_ReadSpare    nand.o
    0x0800615c   0x0800615c   0x00000050   Code   RO         1192    i.NAND_ReadStatus   nand.o
    0x080061ac   0x080061ac   0x0000001c   Code   RO         1193    i.NAND_Reset        nand.o
    0x080061c8   0x080061c8   0x00000038   Code   RO         1194    i.NAND_WaitForReady  nand.o
    0x08006200   0x08006200   0x00000038   Code   RO         1195    i.NAND_WaitRB       nand.o
    0x08006238   0x08006238   0x00000184   Code   RO         1196    i.NAND_WritePage    nand.o
    0x080063bc   0x080063bc   0x00000064   Code   RO         1197    i.NAND_WritePageConst  nand.o
    0x08006420   0x08006420   0x00000040   Code   RO         1198    i.NAND_WriteSpare   nand.o
    0x08006460   0x08006460   0x00000080   Code   RO          810    i.SDEnWideBus       sdio_sdcard.o
    0x080064e0   0x080064e0   0x00000014   Code   RO          811    i.SDIO_Clock_Set    sdio_sdcard.o
    0x080064f4   0x080064f4   0x00000008   Code   RO          812    i.SDIO_IRQHandler   sdio_sdcard.o
    0x080064fc   0x080064fc   0x0000002c   Code   RO          813    i.SDIO_Send_Cmd     sdio_sdcard.o
    0x08006528   0x08006528   0x00000038   Code   RO          814    i.SDIO_Send_Data_Cfg  sdio_sdcard.o
    0x08006560   0x08006560   0x000002cc   Code   RO          399    i.SDRAM_Init        sdram.o
    0x0800682c   0x0800682c   0x00000048   Code   RO          400    i.SDRAM_Send_Cmd    sdram.o
    0x08006874   0x08006874   0x00000094   Code   RO          815    i.SD_DMA_Config     sdio_sdcard.o
    0x08006908   0x08006908   0x00000060   Code   RO          816    i.SD_EnableWideBusOperation  sdio_sdcard.o
    0x08006968   0x08006968   0x00000310   Code   RO          817    i.SD_GetCardInfo    sdio_sdcard.o
    0x08006c78   0x08006c78   0x00000178   Code   RO          819    i.SD_Init           sdio_sdcard.o
    0x08006df0   0x08006df0   0x00000114   Code   RO          820    i.SD_InitializeCards  sdio_sdcard.o
    0x08006f04   0x08006f04   0x00000180   Code   RO          822    i.SD_PowerON        sdio_sdcard.o
    0x08007084   0x08007084   0x0000016c   Code   RO          823    i.SD_ProcessIRQSrc  sdio_sdcard.o
    0x080071f0   0x080071f0   0x0000028c   Code   RO          824    i.SD_ReadBlocks     sdio_sdcard.o
    0x0800747c   0x0800747c   0x00000084   Code   RO          825    i.SD_ReadDisk       sdio_sdcard.o
    0x08007500   0x08007500   0x00000016   Code   RO          826    i.SD_SelectDeselect  sdio_sdcard.o
    0x08007516   0x08007516   0x00000002   PAD
    0x08007518   0x08007518   0x00000018   Code   RO          828    i.SD_SetDeviceMode  sdio_sdcard.o
    0x08007530   0x08007530   0x000003d0   Code   RO          829    i.SD_WriteBlocks    sdio_sdcard.o
    0x08007900   0x08007900   0x00000084   Code   RO          830    i.SD_WriteDisk      sdio_sdcard.o
    0x08007984   0x08007984   0x000000b4   Code   RO         1128    i.SPI5_Init         spi.o
    0x08007a38   0x08007a38   0x00000030   Code   RO         1129    i.SPI5_ReadWriteByte  spi.o
    0x08007a68   0x08007a68   0x0000002c   Code   RO         1130    i.SPI5_SetSpeed     spi.o
    0x08007a94   0x08007a94   0x000000cc   Code   RO         2318    i.Show_Font         text.o
    0x08007b60   0x08007b60   0x000000c2   Code   RO         2319    i.Show_Str          text.o
    0x08007c22   0x08007c22   0x00000002   PAD
    0x08007c24   0x08007c24   0x00000068   Code   RO          223    i.Stm32_Clock_Init  sys.o
    0x08007c8c   0x08007c8c   0x0000010c   Code   RO          224    i.Sys_Clock_Set     sys.o
    0x08007d98   0x08007d98   0x0000003c   Code   RO         2726    i.TIM4_IRQHandler   usmart.o
    0x08007dd4   0x08007dd4   0x00000050   Code   RO         2727    i.Timer4_Init       usmart.o
    0x08007e24   0x08007e24   0x00000080   Code   RO          314    i.USART1_IRQHandler  usart.o
    0x08007ea4   0x08007ea4   0x00000068   Code   RO         1009    i.W25QXX_Erase_Sector  w25qxx.o
    0x08007f0c   0x08007f0c   0x00000080   Code   RO         1010    i.W25QXX_Init       w25qxx.o
    0x08007f8c   0x08007f8c   0x00000064   Code   RO         1012    i.W25QXX_Read       w25qxx.o
    0x08007ff0   0x08007ff0   0x00000048   Code   RO         1013    i.W25QXX_ReadID     w25qxx.o
    0x08008038   0x08008038   0x00000050   Code   RO         1014    i.W25QXX_ReadSR     w25qxx.o
    0x08008088   0x08008088   0x00000014   Code   RO         1016    i.W25QXX_Wait_Busy  w25qxx.o
    0x0800809c   0x0800809c   0x000000c4   Code   RO         1017    i.W25QXX_Write      w25qxx.o
    0x08008160   0x08008160   0x00000020   Code   RO         1019    i.W25QXX_Write_Enable  w25qxx.o
    0x08008180   0x08008180   0x00000046   Code   RO         1020    i.W25QXX_Write_NoCheck  w25qxx.o
    0x080081c6   0x080081c6   0x00000002   PAD
    0x080081c8   0x080081c8   0x0000006c   Code   RO         1021    i.W25QXX_Write_Page  w25qxx.o
    0x08008234   0x08008234   0x0000000e   Code   RO         2973    i._is_digit         c_w.l(__printf_wp.o)
    0x08008242   0x08008242   0x00000004   Code   RO          315    i._sys_exit         usart.o
    0x08008246   0x08008246   0x00000002   PAD
    0x08008248   0x08008248   0x000000e0   Code   RO         2516    i.ai_draw_init      piclib.o
    0x08008328   0x08008328   0x000000d0   Code   RO         2517    i.ai_load_picfile   piclib.o
    0x080083f8   0x080083f8   0x0000001e   Code   RO         2595    i.alloc_pool        tjpgd.o
    0x08008416   0x08008416   0x00000090   Code   RO         2596    i.bitext            tjpgd.o
    0x080084a6   0x080084a6   0x00000002   PAD
    0x080084a8   0x080084a8   0x000002a8   Code   RO         2597    i.block_idct        tjpgd.o
    0x08008750   0x08008750   0x00000088   Code   RO         1518    i.change_bitmap     ff.o
    0x080087d8   0x080087d8   0x0000001a   Code   RO         2000    i.char_upper        exfuns.o
    0x080087f2   0x080087f2   0x00000002   PAD
    0x080087f4   0x080087f4   0x00000084   Code   RO         1519    i.check_fs          ff.o
    0x08008878   0x08008878   0x00000014   Code   RO         1520    i.chk_chr           ff.o
    0x0800888c   0x0800888c   0x00000062   Code   RO         1521    i.clmt_clust        ff.o
    0x080088ee   0x080088ee   0x0000001a   Code   RO         1522    i.clust2sect        ff.o
    0x08008908   0x08008908   0x00000098   Code   RO         1523    i.cmp_lfn           ff.o
    0x080089a0   0x080089a0   0x0000015e   Code   RO         1524    i.create_chain      ff.o
    0x08008afe   0x08008afe   0x00000134   Code   RO         2598    i.create_huffman_tbl  tjpgd.o
    0x08008c32   0x08008c32   0x00000002   PAD
    0x08008c34   0x08008c34   0x00000270   Code   RO         1525    i.create_name       ff.o
    0x08008ea4   0x08008ea4   0x00000074   Code   RO         2599    i.create_qt_tbl     tjpgd.o
    0x08008f18   0x08008f18   0x00000090   Code   RO         1526    i.create_xdir       ff.o
    0x08008fa8   0x08008fa8   0x00000038   Code   RO          170    i.delay_init        delay.o
    0x08008fe0   0x08008fe0   0x00000038   Code   RO          171    i.delay_ms          delay.o
    0x08009018   0x08009018   0x0000003c   Code   RO          172    i.delay_us          delay.o
    0x08009054   0x08009054   0x0000003c   Code   RO          173    i.delay_xms         delay.o
    0x08009090   0x08009090   0x0000007c   Code   RO         1527    i.dir_alloc         ff.o
    0x0800910c   0x0800910c   0x000001a0   Code   RO         1528    i.dir_find          ff.o
    0x080092ac   0x080092ac   0x00000120   Code   RO         1529    i.dir_next          ff.o
    0x080093cc   0x080093cc   0x00000104   Code   RO         1530    i.dir_read          ff.o
    0x080094d0   0x080094d0   0x0000020c   Code   RO         1531    i.dir_register      ff.o
    0x080096dc   0x080096dc   0x000000aa   Code   RO         1533    i.dir_sdi           ff.o
    0x08009786   0x08009786   0x00000038   Code   RO         1934    i.disk_initialize   diskio.o
    0x080097be   0x080097be   0x00000002   PAD
    0x080097c0   0x080097c0   0x00000118   Code   RO         1935    i.disk_ioctl        diskio.o
    0x080098d8   0x080098d8   0x00000090   Code   RO         1936    i.disk_read         diskio.o
    0x08009968   0x08009968   0x00000006   Code   RO         1937    i.disk_status       diskio.o
    0x0800996e   0x0800996e   0x00000090   Code   RO         1938    i.disk_write        diskio.o
    0x080099fe   0x080099fe   0x00000002   PAD
    0x08009a00   0x08009a00   0x00000084   Code   RO         2006    i.exfuns_init       exfuns.o
    0x08009a84   0x08009a84   0x00000026   Code   RO         1534    i.f_close           ff.o
    0x08009aaa   0x08009aaa   0x0000041a   Code   RO         1539    i.f_lseek           ff.o
    0x08009ec4   0x08009ec4   0x0000005c   Code   RO         1542    i.f_mount           ff.o
    0x08009f20   0x08009f20   0x000002bc   Code   RO         1543    i.f_open            ff.o
    0x0800a1dc   0x0800a1dc   0x000000e2   Code   RO         1544    i.f_opendir         ff.o
    0x0800a2be   0x0800a2be   0x00000228   Code   RO         1548    i.f_read            ff.o
    0x0800a4e6   0x0800a4e6   0x0000007a   Code   RO         1549    i.f_readdir         ff.o
    0x0800a560   0x0800a560   0x0000018e   Code   RO         1553    i.f_sync            ff.o
    0x0800a6ee   0x0800a6ee   0x00000002   PAD
    0x0800a6f0   0x0800a6f0   0x000000b0   Code   RO         2007    i.f_typetell        exfuns.o
    0x0800a7a0   0x0800a7a0   0x00000098   Code   RO         2232    i.ff_convert        mycc936.o
    0x0800a838   0x0800a838   0x0000000e   Code   RO         1939    i.ff_memalloc       diskio.o
    0x0800a846   0x0800a846   0x0000000e   Code   RO         1940    i.ff_memfree        diskio.o
    0x0800a854   0x0800a854   0x00000038   Code   RO         2233    i.ff_wtoupper       mycc936.o
    0x0800a88c   0x0800a88c   0x00000036   Code   RO         1557    i.fill_fat_chain    ff.o
    0x0800a8c2   0x0800a8c2   0x000000a4   Code   RO         1558    i.find_bitmap       ff.o
    0x0800a966   0x0800a966   0x00000002   PAD
    0x0800a968   0x0800a968   0x00000458   Code   RO         1559    i.find_volume       ff.o
    0x0800adc0   0x0800adc0   0x000000e4   Code   RO         1560    i.follow_path       ff.o
    0x0800aea4   0x0800aea4   0x0000001c   Code   RO          317    i.fputc             usart.o
    0x0800aec0   0x0800aec0   0x000000cc   Code   RO         1561    i.gen_numname       ff.o
    0x0800af8c   0x0800af8c   0x0000017a   Code   RO         1562    i.get_fat           ff.o
    0x0800b106   0x0800b106   0x00000004   Code   RO         1941    i.get_fattime       diskio.o
    0x0800b10a   0x0800b10a   0x00000162   Code   RO         1563    i.get_fileinfo      ff.o
    0x0800b26c   0x0800b26c   0x0000004a   Code   RO         1564    i.get_ldnumber      ff.o
    0x0800b2b6   0x0800b2b6   0x000000bc   Code   RO         1565    i.get_xdir_info     ff.o
    0x0800b372   0x0800b372   0x00000058   Code   RO         2395    i.gif_check_head    gif.o
    0x0800b3ca   0x0800b3ca   0x00000002   PAD
    0x0800b3cc   0x0800b3cc   0x000001f4   Code   RO         2396    i.gif_clear2bkcolor  gif.o
    0x0800b5c0   0x0800b5c0   0x0000012c   Code   RO         2397    i.gif_decode        gif.o
    0x0800b6ec   0x0800b6ec   0x00000218   Code   RO         2398    i.gif_dispimage     gif.o
    0x0800b904   0x0800b904   0x00000158   Code   RO         2399    i.gif_drawimage     gif.o
    0x0800ba5c   0x0800ba5c   0x00000068   Code   RO         2400    i.gif_getdatablock  gif.o
    0x0800bac4   0x0800bac4   0x00000046   Code   RO         2401    i.gif_getinfo       gif.o
    0x0800bb0a   0x0800bb0a   0x00000358   Code   RO         2402    i.gif_getnextbyte   gif.o
    0x0800be62   0x0800be62   0x00000002   PAD
    0x0800be64   0x0800be64   0x000001c8   Code   RO         2403    i.gif_getnextcode   gif.o
    0x0800c02c   0x0800c02c   0x0000001c   Code   RO         2404    i.gif_getrgb565     gif.o
    0x0800c048   0x0800c048   0x00000098   Code   RO         2405    i.gif_initlzw       gif.o
    0x0800c0e0   0x0800c0e0   0x00000040   Code   RO         2407    i.gif_readcolortbl  gif.o
    0x0800c120   0x0800c120   0x000000a0   Code   RO         2408    i.gif_readextension  gif.o
    0x0800c1c0   0x0800c1c0   0x00000026   Code   RO         2409    i.gif_recovergctbl  gif.o
    0x0800c1e6   0x0800c1e6   0x00000026   Code   RO         2410    i.gif_savegctbl     gif.o
    0x0800c20c   0x0800c20c   0x000000c0   Code   RO         2600    i.huffext           tjpgd.o
    0x0800c2cc   0x0800c2cc   0x00000028   Code   RO         2518    i.is_element_ok     piclib.o
    0x0800c2f4   0x0800c2f4   0x000000a2   Code   RO         2601    i.jd_decomp         tjpgd.o
    0x0800c396   0x0800c396   0x0000039c   Code   RO         2602    i.jd_prepare        tjpgd.o
    0x0800c732   0x0800c732   0x00000002   PAD
    0x0800c734   0x0800c734   0x00000028   Code   RO         2603    i.jpeg_freeall      tjpgd.o
    0x0800c75c   0x0800c75c   0x0000003e   Code   RO         2604    i.jpeg_in_func      tjpgd.o
    0x0800c79a   0x0800c79a   0x00000002   PAD
    0x0800c79c   0x0800c79c   0x00000054   Code   RO         2605    i.jpeg_mallocall    tjpgd.o
    0x0800c7f0   0x0800c7f0   0x00000054   Code   RO         2606    i.jpeg_out_func_fill  tjpgd.o
    0x0800c844   0x0800c844   0x000000c0   Code   RO         2607    i.jpeg_out_func_point  tjpgd.o
    0x0800c904   0x0800c904   0x00000104   Code   RO         2608    i.jpg_decode        tjpgd.o
    0x0800ca08   0x0800ca08   0x00000026   Code   RO         1566    i.ld_clust          ff.o
    0x0800ca2e   0x0800ca2e   0x00000018   Code   RO         1567    i.ld_dword          ff.o
    0x0800ca46   0x0800ca46   0x00000062   Code   RO         1568    i.ld_qword          ff.o
    0x0800caa8   0x0800caa8   0x0000000c   Code   RO         1569    i.ld_word           ff.o
    0x0800cab4   0x0800cab4   0x0000003c   Code   RO         1570    i.load_obj_dir      ff.o
    0x0800caf0   0x0800caf0   0x000000dc   Code   RO         1571    i.load_xdir         ff.o
    0x0800cbcc   0x0800cbcc   0x000003c8   Code   RO           13    i.main              test.o
    0x0800cf94   0x0800cf94   0x000001e4   Code   RO         2609    i.mcu_load          tjpgd.o
    0x0800d178   0x0800d178   0x00000394   Code   RO         2610    i.mcu_output        tjpgd.o
    0x0800d50c   0x0800d50c   0x00000024   Code   RO         1572    i.mem_cmp           ff.o
    0x0800d530   0x0800d530   0x0000001a   Code   RO         1573    i.mem_cpy           ff.o
    0x0800d54a   0x0800d54a   0x00000012   Code   RO         1574    i.mem_set           ff.o
    0x0800d55c   0x0800d55c   0x00000060   Code   RO         2093    i.mf_scan_files     fattester.o
    0x0800d5bc   0x0800d5bc   0x000003d8   Code   RO         2360    i.minibmp_decode    bmp.o
    0x0800d994   0x0800d994   0x00000034   Code   RO         1575    i.move_window       ff.o
    0x0800d9c8   0x0800d9c8   0x0000006c   Code   RO         1437    i.my_mem_free       malloc.o
    0x0800da34   0x0800da34   0x0000002c   Code   RO         1438    i.my_mem_init       malloc.o
    0x0800da60   0x0800da60   0x000000a8   Code   RO         1439    i.my_mem_malloc     malloc.o
    0x0800db08   0x0800db08   0x00000040   Code   RO         1440    i.my_mem_perused    malloc.o
    0x0800db48   0x0800db48   0x00000024   Code   RO         1441    i.myfree            malloc.o
    0x0800db6c   0x0800db6c   0x00000028   Code   RO         1442    i.mymalloc          malloc.o
    0x0800db94   0x0800db94   0x00000014   Code   RO         1444    i.mymemset          malloc.o
    0x0800dba8   0x0800dba8   0x0000000e   Code   RO          469    i.opt_delay         lcd.o
    0x0800dbb6   0x0800dbb6   0x0000005e   Code   RO           14    i.pic_get_tnum      test.o
    0x0800dc14   0x0800dc14   0x0000000e   Code   RO         2519    i.pic_memalloc      piclib.o
    0x0800dc22   0x0800dc22   0x0000000e   Code   RO         2520    i.pic_memfree       piclib.o
    0x0800dc30   0x0800dc30   0x00000088   Code   RO         1576    i.pick_lfn          ff.o
    0x0800dcb8   0x0800dcb8   0x00000030   Code   RO         2521    i.piclib_alpha_blend  piclib.o
    0x0800dce8   0x0800dce8   0x00000038   Code   RO         2522    i.piclib_draw_hline  piclib.o
    0x0800dd20   0x0800dd20   0x0000008c   Code   RO         2523    i.piclib_fill_color  piclib.o
    0x0800ddac   0x0800ddac   0x0000005c   Code   RO         2524    i.piclib_init       piclib.o
    0x0800de08   0x0800de08   0x00000144   Code   RO         1577    i.put_fat           ff.o
    0x0800df4c   0x0800df4c   0x00000080   Code   RO         1578    i.put_lfn           ff.o
    0x0800dfcc   0x0800dfcc   0x00000006   Code   RO         2728    i.read_addr         usmart.o
    0x0800dfd2   0x0800dfd2   0x0000010a   Code   RO         1580    i.remove_chain      ff.o
    0x0800e0dc   0x0800e0dc   0x00000070   Code   RO         2611    i.restart           tjpgd.o
    0x0800e14c   0x0800e14c   0x00000024   Code   RO         1581    i.st_clust          ff.o
    0x0800e170   0x0800e170   0x00000018   Code   RO         1582    i.st_dword          ff.o
    0x0800e188   0x0800e188   0x0000005c   Code   RO         1583    i.st_qword          ff.o
    0x0800e1e4   0x0800e1e4   0x0000000c   Code   RO         1584    i.st_word           ff.o
    0x0800e1f0   0x0800e1f0   0x000002dc   Code   RO         2361    i.stdbmp_decode     bmp.o
    0x0800e4cc   0x0800e4cc   0x0000006e   Code   RO         1585    i.store_xdir        ff.o
    0x0800e53a   0x0800e53a   0x00000020   Code   RO         1586    i.sum_sfn           ff.o
    0x0800e55a   0x0800e55a   0x00000002   PAD
    0x0800e55c   0x0800e55c   0x00000090   Code   RO         1587    i.sync_fs           ff.o
    0x0800e5ec   0x0800e5ec   0x00000052   Code   RO         1588    i.sync_window       ff.o
    0x0800e63e   0x0800e63e   0x00000002   PAD
    0x0800e640   0x0800e640   0x00000100   Code   RO          318    i.uart_init         usart.o
    0x0800e740   0x0800e740   0x000000b0   Code   RO         2729    i.usmart_cmd_rec    usmart.o
    0x0800e7f0   0x0800e7f0   0x000002d4   Code   RO         2730    i.usmart_exe        usmart.o
    0x0800eac4   0x0800eac4   0x000000d4   Code   RO         2839    i.usmart_get_aparm  usmart_str.o
    0x0800eb98   0x0800eb98   0x00000036   Code   RO         2840    i.usmart_get_cmdname  usmart_str.o
    0x0800ebce   0x0800ebce   0x00000002   PAD
    0x0800ebd0   0x0800ebd0   0x000001c0   Code   RO         2841    i.usmart_get_fname  usmart_str.o
    0x0800ed90   0x0800ed90   0x0000010c   Code   RO         2842    i.usmart_get_fparam  usmart_str.o
    0x0800ee9c   0x0800ee9c   0x00000020   Code   RO         2843    i.usmart_get_parmpos  usmart_str.o
    0x0800eebc   0x0800eebc   0x00000040   Code   RO         2731    i.usmart_get_runtime  usmart.o
    0x0800eefc   0x0800eefc   0x00000028   Code   RO         2732    i.usmart_init       usmart.o
    0x0800ef24   0x0800ef24   0x00000016   Code   RO         2844    i.usmart_pow        usmart_str.o
    0x0800ef3a   0x0800ef3a   0x00000002   PAD
    0x0800ef3c   0x0800ef3c   0x00000030   Code   RO         2733    i.usmart_reset_runtime  usmart.o
    0x0800ef6c   0x0800ef6c   0x000000bc   Code   RO         2734    i.usmart_scan       usmart.o
    0x0800f028   0x0800f028   0x00000016   Code   RO         2845    i.usmart_search_nextc  usmart_str.o
    0x0800f03e   0x0800f03e   0x00000106   Code   RO         2846    i.usmart_str2num    usmart_str.o
    0x0800f144   0x0800f144   0x00000022   Code   RO         2847    i.usmart_strcmp     usmart_str.o
    0x0800f166   0x0800f166   0x00000016   Code   RO         2848    i.usmart_strcopy    usmart_str.o
    0x0800f17c   0x0800f17c   0x00000018   Code   RO         2849    i.usmart_strlen     usmart_str.o
    0x0800f194   0x0800f194   0x000006f4   Code   RO         2735    i.usmart_sys_cmd_exe  usmart.o
    0x0800f888   0x0800f888   0x00000042   Code   RO         1589    i.validate          ff.o
    0x0800f8ca   0x0800f8ca   0x00000004   Code   RO         2736    i.write_addr        usmart.o
    0x0800f8ce   0x0800f8ce   0x0000003a   Code   RO         1590    i.xdir_sum          ff.o
    0x0800f908   0x0800f908   0x0000004c   Code   RO         1591    i.xname_sum         ff.o
    0x0800f954   0x0800f954   0x0000005a   Code   RO         3006    x$fpl$dfixu         fz_wm.l(dfixu.o)
    0x0800f9ae   0x0800f9ae   0x00000026   Code   RO         3010    x$fpl$dfltu         fz_wm.l(dflt_clz.o)
    0x0800f9d4   0x0800f9d4   0x00000154   Code   RO         3016    x$fpl$dmul          fz_wm.l(dmul.o)
    0x0800fb28   0x0800fb28   0x0000009c   Code   RO         3039    x$fpl$dnaninf       fz_wm.l(dnaninf.o)
    0x0800fbc4   0x0800fbc4   0x0000000c   Code   RO         3041    x$fpl$dretinf       fz_wm.l(dretinf.o)
    0x0800fbd0   0x0800fbd0   0x0000000a   Code   RO         3152    x$fpl$fpinit        fz_wm.l(fpinit.o)
    0x0800fbda   0x0800fbda   0x00000000   Code   RO         3043    x$fpl$usenofp       fz_wm.l(usenofp.o)
    0x0800fbda   0x0800fbda   0x00004740   Data   RO          471    .constdata          lcd.o
    0x0801431a   0x0801431a   0x00000002   PAD
    0x0801431c   0x0801431c   0x00000024   Data   RO         1451    .constdata          malloc.o
    0x08014340   0x08014340   0x0000004a   Data   RO         1593    .constdata          ff.o
    0x0801438a   0x0801438a   0x00000002   PAD
    0x0801438c   0x0801438c   0x00000070   Data   RO         2009    .constdata          exfuns.o
    0x080143fc   0x080143fc   0x000003c0   Data   RO         2234    .constdata          mycc936.o
    0x080147bc   0x080147bc   0x00000028   Data   RO         2411    .constdata          gif.o
    0x080147e4   0x080147e4   0x000004c0   Data   RO         2612    .constdata          tjpgd.o
    0x08014ca4   0x08014ca4   0x00000028   Data   RO         2946    .constdata          c_w.l(_printf_hex_int.o)
    0x08014ccc   0x08014ccc   0x00000011   Data   RO         2981    .constdata          c_w.l(__printf_flags_ss_wp.o)
    0x08014cdd   0x08014cdd   0x00000003   PAD
    0x08014ce0   0x08014ce0   0x00000048   Data   RO         2010    .conststring        exfuns.o
    0x08014d28   0x08014d28   0x00000028   Data   RO         2737    .conststring        usmart.o
    0x08014d50   0x08014d50   0x000000fc   Data   RO         2814    .conststring        usmart_config.o
    0x08014e4c   0x08014e4c   0x00000020   Data   RO         3206    Region$$Table       anon$$obj.o


    Execution Region RW_IRAM1 (Exec base: 0x20000000, Load base: 0x08014e6c, Size: 0x0002b7f0, Max: 0x00030000, ABSOLUTE, COMPRESSED[0x0000007c])

    Exec Addr    Load Addr    Size         Type   Attr      Idx    E Section Name        Object

    0x20000000   COMPRESSED   0x00000004   Data   RW          174    .data               delay.o
    0x20000004   COMPRESSED   0x00000006   Data   RW          320    .data               usart.o
    0x2000000a   COMPRESSED   0x00000002   PAD
    0x2000000c   COMPRESSED   0x00000008   Data   RW          472    .data               lcd.o
    0x20000014   COMPRESSED   0x00000008   Data   RW          677    .data               ltdc.o
    0x2000001c   COMPRESSED   0x00000001   Data   RW          773    .data               key.o
    0x2000001d   COMPRESSED   0x00000003   PAD
    0x20000020   COMPRESSED   0x0000000c   Data   RW          832    .data               sdio_sdcard.o
    0x2000002c   COMPRESSED   0x00000002   Data   RW         1023    .data               w25qxx.o
    0x2000002e   COMPRESSED   0x00000002   PAD
    0x20000030   COMPRESSED   0x00000004   Data   RW         1341    .data               ftl.o
    0x20000034   COMPRESSED   0x00000024   Data   RW         1452    .data               malloc.o
    0x20000058   COMPRESSED   0x00000002   Data   RW         1594    .data               ff.o
    0x2000005a   COMPRESSED   0x00000002   PAD
    0x2000005c   COMPRESSED   0x00000014   Data   RW         2011    .data               exfuns.o
    0x20000070   COMPRESSED   0x00000001   Data   RW         2412    .data               gif.o
    0x20000071   COMPRESSED   0x00000003   PAD
    0x20000074   COMPRESSED   0x0000000c   Data   RW         2613    .data               tjpgd.o
    0x20000080   COMPRESSED   0x0000001c   Data   RW         2738    .data               usmart.o
    0x2000009c   COMPRESSED   0x0000011c   Data   RW         2815    .data               usmart_config.o
    0x200001b8        -       0x000000c8   Zero   RW          319    .bss                usart.o
    0x20000280        -       0x0000000e   Zero   RW          470    .bss                lcd.o
    0x2000028e   COMPRESSED   0x00000002   PAD
    0x20000290        -       0x00000020   Zero   RW          676    .bss                ltdc.o
    0x200002b0        -       0x00000278   Zero   RW          831    .bss                sdio_sdcard.o
    0x20000528        -       0x0000005c   Zero   RW         1199    .bss                nand.o
    0x20000584   COMPRESSED   0x0000001c   PAD
    0x200005a0        -       0x0002a800   Zero   RW         1450    .bss                malloc.o
    0x2002ada0        -       0x0000000c   Zero   RW         1592    .bss                ff.o
    0x2002adac   COMPRESSED   0x00000004   PAD
    0x2002adb0        -       0x00000178   Zero   RW         2008    .bss                exfuns.o
    0x2002af28        -       0x00000029   Zero   RW         2267    .bss                fontupd.o
    0x2002af51   COMPRESSED   0x00000003   PAD
    0x2002af54        -       0x0000003c   Zero   RW         2525    .bss                piclib.o
    0x2002af90        -       0x00000060   Zero   RW         3084    .bss                c_w.l(libspace.o)
    0x2002aff0        -       0x00000000   Zero   RW            2    HEAP                startup_stm32f429xx.o
    0x2002aff0        -       0x00000800   Zero   RW            1    STACK               startup_stm32f429xx.o



  Load Region LR$$.ARM.__AT_0x10000000 (Base: 0x10000000, Size: 0x00000000, Max: 0x0000f000, ABSOLUTE)

    Execution Region ER$$.ARM.__AT_0x10000000 (Exec base: 0x10000000, Load base: 0x10000000, Size: 0x0000f000, Max: 0x0000f000, ABSOLUTE, UNINIT)

    Exec Addr    Load Addr    Size         Type   Attr      Idx    E Section Name        Object

    0x10000000        -       0x0000f000   Zero   RW         1446    .ARM.__AT_0x10000000  malloc.o



  Load Region LR$$.ARM.__AT_0x1000F000 (Base: 0x1000f000, Size: 0x00000000, Max: 0x00000f00, ABSOLUTE)

    Execution Region ER$$.ARM.__AT_0x1000F000 (Exec base: 0x1000f000, Load base: 0x1000f000, Size: 0x00000f00, Max: 0x00000f00, ABSOLUTE, UNINIT)

    Exec Addr    Load Addr    Size         Type   Attr      Idx    E Section Name        Object

    0x1000f000        -       0x00000f00   Zero   RW         1447    .ARM.__AT_0x1000F000  malloc.o



  Load Region LR$$.ARM.__AT_0xC0000000 (Base: 0xc0000000, Size: 0x00000000, Max: 0x001f4000, ABSOLUTE)

    Execution Region ER$$.ARM.__AT_0xC0000000 (Exec base: 0xc0000000, Load base: 0xc0000000, Size: 0x001f4000, Max: 0x001f4000, ABSOLUTE, UNINIT)

    Exec Addr    Load Addr    Size         Type   Attr      Idx    E Section Name        Object

    0xc0000000        -       0x001f4000   Zero   RW          675    .ARM.__AT_0xC0000000  ltdc.o



  Load Region LR$$.ARM.__AT_0xC01F4000 (Base: 0xc01f4000, Size: 0x00000000, Max: 0x01c3c000, ABSOLUTE)

    Execution Region ER$$.ARM.__AT_0xC01F4000 (Exec base: 0xc01f4000, Load base: 0xc01f4000, Size: 0x01c3c000, Max: 0x01c3c000, ABSOLUTE, UNINIT)

    Exec Addr    Load Addr    Size         Type   Attr      Idx    E Section Name        Object

    0xc01f4000        -       0x01c3c000   Zero   RW         1448    .ARM.__AT_0xC01F4000  malloc.o



  Load Region LR$$.ARM.__AT_0xC1E30000 (Base: 0xc1e30000, Size: 0x00000000, Max: 0x001c3c00, ABSOLUTE)

    Execution Region ER$$.ARM.__AT_0xC1E30000 (Exec base: 0xc1e30000, Load base: 0xc1e30000, Size: 0x001c3c00, Max: 0x001c3c00, ABSOLUTE, UNINIT)

    Exec Addr    Load Addr    Size         Type   Attr      Idx    E Section Name        Object

    0xc1e30000        -       0x001c3c00   Zero   RW         1449    .ARM.__AT_0xC1E30000  malloc.o


==============================================================================

Image component sizes


      Code (inc. data)   RO Data    RW Data    ZI Data      Debug   Object Name

      1716         18          0          0          0       4869   bmp.o
       232         18          0          4          0       3083   delay.o
       662         10          0          0          0       7127   diskio.o
       334         22        184         20        376       3756   exfuns.o
        96         26          0          0          0       1404   fattester.o
     11568         94         74          2         12      65169   ff.o
         0          0          0          0         41       1803   fontupd.o
      2356        286          0          4          0      13121   ftl.o
      3734         24         40          1          0      17297   gif.o
       272         32          0          1          0       1458   key.o
     12274        220      18240          8         14      22366   lcd.o
        64         18          0          0          0        611   led.o
      2724        166          0          8    2048032      13630   ltdc.o
       480         54         36         36   31695616       7714   malloc.o
       208         16        960          0          0       2339   mycc936.o
      3344        308          0          0         92      19879   nand.o
       836         82          0          0         60       9159   piclib.o
      5698        274          0         12        632      34012   sdio_sdcard.o
       788         34          0          0          0       1926   sdram.o
       272         24          0          0          0       2025   spi.o
        68         24        428          0       2048        948   startup_stm32f429xx.o
       842         44          0          0          0       7247   sys.o
      1062        152          0          0          0     283302   test.o
       638         14          0          0          0       3955   text.o
      4790        128       1216         12          0      26073   tjpgd.o
       416         34          0          6        200       5004   usart.o
      3170       1350         40         28          0       9410   usmart.o
         0          0        252        284          0       1912   usmart_config.o
      1400         20          0          0          0      10489   usmart_str.o
       910         82          0          2          0       8739   w25qxx.o

    ----------------------------------------------------------------------
     60998       3574      21506        440   33747160     589827   Object Totals
         0          0         32          0          0          0   (incl. Generated)
        44          0          4         12         37          0   (incl. Padding)

    ----------------------------------------------------------------------

      Code (inc. data)   RO Data    RW Data    ZI Data      Debug   Library Member Name

        90          0          0          0          0          0   __dczerorl2.o
         8          0          0          0          0         68   __main.o
       392          4         17          0          0         92   __printf_flags_ss_wp.o
        14          0          0          0          0         68   __printf_wp.o
         0          0          0          0          0          0   __rtentry.o
        12          0          0          0          0          0   __rtentry2.o
         6          0          0          0          0          0   __rtentry4.o
        52          8          0          0          0          0   __scatter.o
        28          0          0          0          0          0   __scatter_zi.o
         6          0          0          0          0          0   _printf_c.o
        44          0          0          0          0        108   _printf_char.o
        48          6          0          0          0         96   _printf_char_common.o
        36          4          0          0          0         80   _printf_char_file.o
         6          0          0          0          0          0   _printf_d.o
       120         16          0          0          0         92   _printf_dec.o
        88          4         40          0          0         88   _printf_hex_int.o
       178          0          0          0          0         88   _printf_intcommon.o
        78          0          0          0          0        108   _printf_pad.o
         0          0          0          0          0          0   _printf_percent.o
         4          0          0          0          0          0   _printf_percent_end.o
         6          0          0          0          0          0   _printf_s.o
        82          0          0          0          0         80   _printf_str.o
         6          0          0          0          0          0   _printf_u.o
         6          0          0          0          0          0   _printf_x.o
        18          0          0          0          0         80   exit.o
         8          0          0          0          0         68   ferror.o
         6          0          0          0          0        152   heapauxi.o
         2          0          0          0          0          0   libinit.o
         6          0          0          0          0          0   libinit2.o
         2          0          0          0          0          0   libshutdown.o
         2          0          0          0          0          0   libshutdown2.o
         8          4          0          0         96         68   libspace.o
        72          0          0          0          0         76   llsdiv.o
       238          0          0          0          0        100   lludivv7m.o
        24          4          0          0          0         84   noretval__2printf.o
        68          0          0          0          0         68   rt_memclr.o
        78          0          0          0          0         80   rt_memclr_w.o
       138          0          0          0          0         68   rt_memcpy_v6.o
       100          0          0          0          0         80   rt_memcpy_w.o
         2          0          0          0          0          0   rtexit.o
        10          0          0          0          0          0   rtexit2.o
        24          0          0          0          0         68   strcat.o
       128          0          0          0          0         68   strcmpv7m.o
        72          0          0          0          0         80   strcpy.o
        74          0          0          0          0         80   sys_stackheap_outer.o
         2          0          0          0          0         68   use_no_semi.o
         2          0          0          0          0         68   use_no_semi_2.o
        90          4          0          0          0        140   dfixu.o
        38          0          0          0          0        116   dflt_clz.o
       340         12          0          0          0        152   dmul.o
       156          4          0          0          0        140   dnaninf.o
        12          0          0          0          0        116   dretinf.o
        10          0          0          0          0        116   fpinit.o
         0          0          0          0          0          0   usenofp.o

    ----------------------------------------------------------------------
      3048         70         60          0         96       3104   Library Totals
         8          0          3          0          0          0   (incl. Padding)

    ----------------------------------------------------------------------

      Code (inc. data)   RO Data    RW Data    ZI Data      Debug   Library Name

      2394         50         57          0         96       2324   c_w.l
       646         20          0          0          0        780   fz_wm.l

    ----------------------------------------------------------------------
      3048         70         60          0         96       3104   Library Totals

    ----------------------------------------------------------------------

==============================================================================


      Code (inc. data)   RO Data    RW Data    ZI Data      Debug   

     64046       3644      21566        440   33747256     564883   Grand Totals
     64046       3644      21566        124   33747256     564883   ELF Image Totals (compressed)
     64046       3644      21566        124          0          0   ROM Totals

==============================================================================

    Total RO  Size (Code + RO Data)                85612 (  83.61kB)
    Total RW  Size (RW Data + ZI Data)          33747696 (32956.73kB)
    Total ROM Size (Code + RO Data + RW Data)      85736 (  83.73kB)

==============================================================================

