<html>
<body>
<pre>
<h1>µVision Build Log</h1>
<h2>Tool Versions:</h2>
IDE-Version: ¦ÌVision V5.39.0.0
Copyright (C) 2023 ARM Ltd and ARM Germany GmbH. All rights reserved.
License Information: 1 han_zhen_hao@163.com, 1, LIC=14HV2-9V8DQ-VE7HA-1DC1B-JNC0M-JVA91
 
Tool Versions:
Toolchain:       MDK-ARM Plus  Version: 5.39.0.0
Toolchain Path:  C:\Keil_v5\ARM\ARMCC\Bin
C Compiler:      Armcc.exe V5.06 update 7 (build 960)
Assembler:       Armasm.exe V5.06 update 7 (build 960)
Linker/Locator:  ArmLink.exe V5.06 update 7 (build 960)
Library Manager: ArmAr.exe V5.06 update 7 (build 960)
Hex Converter:   FromElf.exe V5.06 update 7 (build 960)
CPU DLL:         SARMCM3.DLL V5.39.0.0
Dialog DLL:      DCM.DLL V1.17.5.0
Target DLL:      CMSIS_AGDI.dll V1.33.16.0
Dialog DLL:      TCM.DLL V1.56.4.0
 
<h2>Project:</h2>
D:\¾ºÈü\2026Ç¶Èü\multi-function_car\h7_lvgl_rtos_base\MDK-ARM\STM32H743.uvprojx
Project File Date:  07/18/2026

<h2>Output:</h2>
*** Using Compiler 'V5.06 update 7 (build 960)', folder: 'C:\Keil_v5\ARM\ARMCC\Bin'
Rebuild target 'STM32H743'
assembling startup_stm32h743xx.s...
compiling lcd_fonts.c...
compiling stm32h7xx_hal_msp.c...
compiling led.c...
compiling stm32h7xx_hal_pwr_ex.c...
compiling stm32h7xx_hal_gpio.c...
compiling stm32h7xx_hal_i2c.c...
compiling stm32h7xx_hal_flash_ex.c...
compiling dma.c...
compiling touch_800x480.c...
compiling i2c.c...
compiling system_stm32h7xx.c...
compiling stm32h7xx_hal_hsem.c...
compiling sdmmc_sd.c...
compiling stm32h7xx_hal_mdma.c...
compiling touch_iic.c...
compiling stm32h7xx_hal.c...
compiling stm32h7xx_hal_flash.c...
compiling sdram.c...
compiling stm32h7xx_hal_timbase_tim.c...
compiling usart.c...
compiling stm32h7xx_hal_rcc.c...
compiling stm32h7xx_hal_qspi.c...
compiling stm32h7xx_hal_dma_ex.c...
compiling lv_disp.c...
compiling lv_event.c...
..\Middware\LVGL\src\core\lv_event.c(120): warning:  #188-D: enumerated type mixed with another type
      return e->code & ~LV_EVENT_PREPROCESS;
..\Middware\LVGL\src\core\lv_event.c: 1 warning, 0 errors
compiling stm32h7xx_hal_dma2d.c...
compiling stm32h7xx_hal_rcc_ex.c...
compiling lv_indev.c...
compiling lv_group.c...
compiling stm32h7xx_hal_pwr.c...
compiling tim.c...
compiling lv_indev_scroll.c...
compiling lv_obj.c...
compiling lv_obj_class.c...
compiling lv_obj_draw.c...
compiling lv_obj_pos.c...
compiling lv_obj_scroll.c...
compiling lv_obj_style_gen.c...
compiling lv_obj_tree.c...
compiling lv_obj_style.c...
compiling lv_draw_arc.c...
compiling lcd_rgb.c...
compiling lv_refr.c...
compiling lv_draw.c...
compiling lv_draw_img.c...
compiling lv_theme.c...
compiling lv_draw_label.c...
compiling lv_draw_line.c...
compiling lv_draw_mask.c...
compiling gpio.c...
compiling lv_draw_rect.c...
compiling lv_draw_triangle.c...
compiling lv_gpu_nxp_pxp_osa.c...
compiling lv_img_cache.c...
compiling lv_gpu_nxp_pxp.c...
compiling stm32h7xx_hal_cortex.c...
compiling lv_gpu_nxp_vglite.c...
compiling lv_img_buf.c...
compiling lv_draw_sdl_arc.c...
compiling lv_img_decoder.c...
compiling lv_draw_sdl.c...
compiling lv_draw_sdl_bg.c...
compiling lv_draw_sdl_img.c...
compiling lv_draw_sdl_composite.c...
compiling lv_draw_sdl_label.c...
compiling lv_draw_sdl_polygon.c...
compiling lv_draw_sdl_line.c...
compiling lv_draw_sdl_mask.c...
compiling lv_draw_sdl_stack_blur.c...
compiling lv_draw_sdl_rect.c...
compiling lv_draw_sdl_texture_cache.c...
compiling lv_draw_sdl_utils.c...
compiling lv_draw_sw.c...
compiling main.c...
compiling lv_draw_sw_arc.c...
compiling lv_draw_sw_dither.c...
compiling lv_draw_sw_img.c...
compiling lv_draw_sw_blend.c...
compiling lv_draw_sw_gradient.c...
compiling lv_draw_sw_polygon.c...
compiling lv_draw_sw_line.c...
compiling lv_draw_sw_letter.c...
compiling lv_flex.c...
..\Middware\LVGL\src\extra\layouts\flex\lv_flex.c(97): warning:  #188-D: enumerated type mixed with another type
      LV_STYLE_FLEX_MAIN_PLACE = lv_style_register_prop() | LV_STYLE_PROP_LAYOUT_REFR;
..\Middware\LVGL\src\extra\layouts\flex\lv_flex.c(98): warning:  #188-D: enumerated type mixed with another type
      LV_STYLE_FLEX_CROSS_PLACE = lv_style_register_prop() | LV_STYLE_PROP_LAYOUT_REFR;
..\Middware\LVGL\src\extra\layouts\flex\lv_flex.c(99): warning:  #188-D: enumerated type mixed with another type
      LV_STYLE_FLEX_TRACK_PLACE = lv_style_register_prop() | LV_STYLE_PROP_LAYOUT_REFR;
..\Middware\LVGL\src\extra\layouts\flex\lv_flex.c: 3 warnings, 0 errors
compiling lv_draw_sw_rect.c...
..\Middware\LVGL\src\draw\sw\lv_draw_sw_rect.c(239): warning:  #546-D: transfer of control bypasses initialization of:
            variable "mask_any_center"  (declared at line 286)
          goto bg_clean_up;
          ^
..\Middware\LVGL\src\draw\sw\lv_draw_sw_rect.c: 1 warning, 0 errors
compiling lv_grid.c...
..\Middware\LVGL\src\extra\layouts\grid\lv_grid.c(134): warning:  #188-D: enumerated type mixed with another type
      LV_STYLE_GRID_COLUMN_DSC_ARRAY = lv_style_register_prop() | LV_STYLE_PROP_LAYOUT_REFR;
..\Middware\LVGL\src\extra\layouts\grid\lv_grid.c(135): warning:  #188-D: enumerated type mixed with another type
      LV_STYLE_GRID_ROW_DSC_ARRAY = lv_style_register_prop() | LV_STYLE_PROP_LAYOUT_REFR;
..\Middware\LVGL\src\extra\layouts\grid\lv_grid.c(136): warning:  #188-D: enumerated type mixed with another type
      LV_STYLE_GRID_COLUMN_ALIGN = lv_style_register_prop() | LV_STYLE_PROP_LAYOUT_REFR;
..\Middware\LVGL\src\extra\layouts\grid\lv_grid.c(137): warning:  #188-D: enumerated type mixed with another type
      LV_STYLE_GRID_ROW_ALIGN = lv_style_register_prop() | LV_STYLE_PROP_LAYOUT_REFR;
..\Middware\LVGL\src\extra\layouts\grid\lv_grid.c(139): warning:  #188-D: enumerated type mixed with another type
      LV_STYLE_GRID_CELL_ROW_SPAN = lv_style_register_prop() | LV_STYLE_PROP_LAYOUT_REFR;
..\Middware\LVGL\src\extra\layouts\grid\lv_grid.c(140): warning:  #188-D: enumerated type mixed with another type
      LV_STYLE_GRID_CELL_ROW_POS = lv_style_register_prop() | LV_STYLE_PROP_LAYOUT_REFR;
..\Middware\LVGL\src\extra\layouts\grid\lv_grid.c(141): warning:  #188-D: enumerated type mixed with another type
      LV_STYLE_GRID_CELL_COLUMN_SPAN = lv_style_register_prop() | LV_STYLE_PROP_LAYOUT_REFR;
..\Middware\LVGL\src\extra\layouts\grid\lv_grid.c(142): warning:  #188-D: enumerated type mixed with another type
      LV_STYLE_GRID_CELL_COLUMN_POS = lv_style_register_prop() | LV_STYLE_PROP_LAYOUT_REFR;
..\Middware\LVGL\src\extra\layouts\grid\lv_grid.c(143): warning:  #188-D: enumerated type mixed with another type
      LV_STYLE_GRID_CELL_X_ALIGN = lv_style_register_prop() | LV_STYLE_PROP_LAYOUT_REFR;
..\Middware\LVGL\src\extra\layouts\grid\lv_grid.c(144): warning:  #188-D: enumerated type mixed with another type
      LV_STYLE_GRID_CELL_Y_ALIGN = lv_style_register_prop() | LV_STYLE_PROP_LAYOUT_REFR;
..\Middware\LVGL\src\extra\layouts\grid\lv_grid.c(589): warning:  #188-D: enumerated type mixed with another type
      lv_grid_align_t col_align = get_cell_col_align(item);
..\Middware\LVGL\src\extra\layouts\grid\lv_grid.c(590): warning:  #188-D: enumerated type mixed with another type
      lv_grid_align_t row_align = get_cell_row_align(item);
..\Middware\LVGL\src\extra\layouts\grid\lv_grid.c: 12 warnings, 0 errors
compiling stm32h7xx_it.c...
compiling lv_extra.c...
compiling lv_bmp.c...
compiling gifdec.c...
compiling lv_rlottie.c...
compiling qrcodegen.c...
..\Middware\LVGL\src\extra\libs\qrcode\qrcodegen.c(278): warning:  #188-D: enumerated type mixed with another type
  	applyMask(tempBuffer, qrcode, mask);
..\Middware\LVGL\src\extra\libs\qrcode\qrcodegen.c(279): warning:  #188-D: enumerated type mixed with another type
  	drawFormatBits(ecl, mask, qrcode);
..\Middware\LVGL\src\extra\libs\qrcode\qrcodegen.c: 2 warnings, 0 errors
compiling lv_freetype.c...
compiling lv_ffmpeg.c...
compiling lv_fs_fatfs.c...
compiling lv_fs_posix.c...
compiling tjpgd.c...
compiling lv_fs_win32.c...
compiling lv_fs_stdio.c...
compiling freertos.c...
compiling lv_gif.c...
compiling lodepng.c...
compiling lv_png.c...
compiling lv_qrcode.c...
compiling lv_gridnav.c...
compiling lv_sjpg.c...
compiling lv_snapshot.c...
compiling lv_monkey.c...
compiling lv_calendar_header_arrow.c...
compiling lv_calendar_header_dropdown.c...
compiling lv_theme_basic.c...
compiling lv_theme_mono.c...
compiling stm32h7xx_hal_sdram.c...
compiling lv_theme_default.c...
..\Middware\LVGL\src\extra\themes\default\lv_theme_default.c(213): warning:  #188-D: enumerated type mixed with another type
..\Middware\LVGL\src\extra\themes\default\lv_theme_default.c: 1 warning, 0 errors
compiling lv_animimg.c...
compiling lv_keyboard.c...
compiling lv_imgbtn.c...
compiling lv_calendar.c...
compiling lv_colorwheel.c...
compiling stm32h7xx_hal_ltdc_ex.c...
compiling lv_chart.c...
compiling stm32h7xx_hal_i2c_ex.c...
compiling lv_led.c...
compiling lv_menu.c...
compiling lv_font.c...
compiling lv_list.c...
compiling lv_font_fmt_txt.c...
..\Middware\LVGL\src\font\lv_font_fmt_txt.c(137): warning:  #111-D: statement is unreachable
      return NULL;
..\Middware\LVGL\src\font\lv_font_fmt_txt.c: 1 warning, 0 errors
compiling lv_tileview.c...
compiling lv_meter.c...
compiling stm32h7xx_hal_sd.c...
compiling stm32h7xx_ll_sdmmc.c...
compiling lv_spinner.c...
compiling lv_msgbox.c...
compiling stm32h7xx_ll_usb.c...
compiling lv_spinbox.c...
compiling lv_span.c...
..\Middware\LVGL\src\extra\widgets\span\lv_span.c(881): warning:  #546-D: transfer of control bypasses initialization of:
            variable "align"  (declared at line 885)
              goto Next_line_init;
              ^
..\Middware\LVGL\src\extra\widgets\span\lv_span.c: 1 warning, 0 errors
compiling lv_tabview.c...
compiling lv_font_dejavu_16_persian_hebrew.c...
compiling lv_win.c...
compiling lv_font_montserrat_8.c...
compiling lv_font_loader.c...
compiling lv_font_montserrat_10.c...
compiling lv_font_montserrat_12.c...
compiling lv_font_montserrat_14.c...
compiling lv_font_montserrat_12_subpx.c...
compiling lv_font_montserrat_16.c...
compiling lv_port_disp_template.c...
compiling lv_font_montserrat_18.c...
compiling lv_font_montserrat_22.c...
compiling lv_font_montserrat_20.c...
compiling lv_font_montserrat_24.c...
compiling stm32h7xx_hal_pcd.c...
compiling stm32h7xx_hal_exti.c...
compiling stm32h7xx_ll_fmc.c...
compiling stm32h7xx_hal_dma.c...
compiling lv_hal_tick.c...
compiling lv_font_montserrat_26.c...
compiling lv_font_montserrat_28_compressed.c...
compiling lv_anim_timeline.c...
compiling lv_font_montserrat_28.c...
compiling lv_area.c...
compiling lv_font_montserrat_32.c...
compiling stm32h7xx_hal_uart_ex.c...
compiling lv_font_montserrat_30.c...
compiling lv_anim.c...
compiling lv_font_montserrat_34.c...
compiling lv_async.c...
compiling stm32h7xx_hal_ltdc.c...
compiling lv_bidi.c...
compiling stm32h7xx_hal_pcd_ex.c...
compiling lv_font_montserrat_36.c...
compiling lv_color.c...
compiling lv_font_montserrat_38.c...
compiling stm32h7xx_hal_tim.c...
compiling lv_font_montserrat_40.c...
compiling lv_ll.c...
compiling lv_hal_disp.c...
..\Middware\LVGL\src\hal\lv_hal_disp.c(573): warning:  #188-D: enumerated type mixed with another type
      return disp->driver->rotated;
..\Middware\LVGL\src\hal\lv_hal_disp.c: 1 warning, 0 errors
compiling lv_font_montserrat_42.c...
compiling lv_log.c...
compiling stm32h7xx_hal_tim_ex.c...
compiling lv_fs.c...
compiling lv_lru.c...
..\Middware\LVGL\src\misc\lv_lru.c(313): warning:  #68-D: integer conversion resulted in a change of sign
      uint32_t i = 0, min_index = -1;
..\Middware\LVGL\src\misc\lv_lru.c(314): warning:  #68-D: integer conversion resulted in a change of sign
      uint64_t min_access_count = -1;
..\Middware\LVGL\src\misc\lv_lru.c: 2 warnings, 0 errors
compiling lv_gc.c...
compiling lv_hal_indev.c...
compiling lv_font_montserrat_44.c...
compiling lv_font_montserrat_46.c...
compiling lv_font_simsun_16_cjk.c...
compiling lv_font_montserrat_48.c...
compiling lv_font_unscii_8.c...
compiling lv_font_unscii_16.c...
compiling lv_math.c...
compiling lv_mem.c...
..\Middware\LVGL\src\misc\lv_mem.c(311): warning:  #111-D: statement is unreachable
      return NULL;
..\Middware\LVGL\src\misc\lv_mem.c: 1 warning, 0 errors
compiling lv_templ.c...
compiling lv_printf.c...
compiling lv_utils.c...
compiling lv_style.c...
..\Middware\LVGL\src\misc\lv_style.c(74): warning:  #188-D: enumerated type mixed with another type
      return act_id;
..\Middware\LVGL\src\misc\lv_style.c: 1 warning, 0 errors
compiling stm32h7xx_hal_uart.c...
compiling lv_style_gen.c...
compiling lv_timer.c...
compiling lv_tlsf.c...
..\Middware\LVGL\src\misc\lv_tlsf.c(898): warning:  #68-D: integer conversion resulted in a change of sign
          offset_to_block(pool, -(int)block_header_overhead);
..\Middware\LVGL\src\misc\lv_tlsf.c(1000): warning:  #68-D: integer conversion resulted in a change of sign
      block = offset_to_block(mem, -(tlsfptr_t)block_header_overhead);
..\Middware\LVGL\src\misc\lv_tlsf.c(1018): warning:  #68-D: integer conversion resulted in a change of sign
      block_header_t * block = offset_to_block(pool, -(int)block_header_overhead);
..\Middware\LVGL\src\misc\lv_tlsf.c: 3 warnings, 0 errors
compiling lv_txt_ap.c...
compiling lv_txt.c...
compiling lv_objx_templ.c...
compiling lv_btn.c...
compiling lv_arc.c...
compiling lv_bar.c...
compiling lv_btnmatrix.c...
compiling lv_canvas.c...
compiling lv_checkbox.c...
compiling lv_dropdown.c...
compiling lv_line.c...
compiling croutine.c...
compiling lv_img.c...
compiling list.c...
compiling event_groups.c...
compiling lv_label.c...
compiling lv_roller.c...
compiling stream_buffer.c...
compiling queue.c...
compiling lv_switch.c...
compiling lv_slider.c...
compiling heap_4.c...
compiling tasks.c...
compiling lv_table.c...
compiling timers.c...
compiling lv_textarea.c...
compiling port.c...
compiling lv_port_indev_template.c...
compiling bsp_wit_c_sdk.c...
compiling my_lvgl_task.c...
compiling lv_gpu_stm32_dma2d.c...
..\Middware\LVGL\src\draw\stm32_dma2d\lv_gpu_stm32_dma2d.c(150): warning:  #177-D: function "lv_draw_stm32_dma2d_img_decoded"  was declared but never referenced
  static void lv_draw_stm32_dma2d_img_decoded(lv_draw_ctx_t * draw_ctx, const lv_draw_img_dsc_t * dsc,
..\Middware\LVGL\src\draw\stm32_dma2d\lv_gpu_stm32_dma2d.c: 1 warning, 0 errors
compiling app_Navigation.c...
compiling bsp_bluetooth.c...
compiling bsp_TF_card.c...
compiling ui.c...
compiling bsp_exti.c...
compiling ui_comp_hook.c...
compiling pid.c...
compiling app_key.c...
compiling usbd_cdc_if.c...
compiling usbd_core.c...
compiling bsp_uart.c...
compiling bsp_road_classification.c...
compiling usbd_cdc.c...
compiling bsp_QMC5883.c...
compiling ui_helpers.c...
compiling usbd_ioreq.c...
compiling bsp_WonderEcho.c...
compiling bsp_GPS.c...
compiling ui_font_Font1.c...
compiling usb_device.c...
compiling bsp_encoder.c...
compiling ff.c...
compiling app_Voice_Recognition.c...
compiling ui_font_FontTitle.c...
compiling ui_img_1301672413.c...
compiling ui_img_1943878613.c...
compiling bsp_qspi_flash.c...
compiling bsp_motor.c...
compiling ui_Login.c...
compiling ui_FileManager.c...
compiling ui_img_1565185032.c...
compiling ui_img_380527393.c...
compiling ui_img_1614311220.c...
compiling ui_font_Font2.c...
compiling ui_font_Font4.c...
compiling ui_font_Font5.c...
compiling ui_font_Font3.c...
compiling usbd_conf.c...
compiling usbd_desc.c...
compiling cmsis_os2.c...
compiling bsp_usb.c...
compiling bsp_JY901S.c...
compiling bsp_timer.c...
compiling bsp_fatfs_diskio.c...
..\Drivers\Hardware\bsp_fatfs_diskio.c(81): warning:  #546-D: transfer of control bypasses initialization of:
            variable "ret"  (declared at line 84)
  	switch (pdrv) {
  	^
..\Drivers\Hardware\bsp_fatfs_diskio.c: 1 warning, 0 errors
compiling bsp_oled.c...
compiling usbd_ctlreq.c...
compiling app_remote_control.c...
compiling app_chassis_board.c...
..\Middware\App\app_chassis_board.c(692): warning:  #177-D: function "chassis_mag_calibration_step"  was declared but never referenced
  static void chassis_mag_calibration_step(uint32_t elapsed_ms)
..\Middware\App\app_chassis_board.c: 1 warning, 0 errors
compiling bsp_tf_image_load.c...
compiling ui_Screenmain.c...
compiling ui_Screensettings.c...
compiling ui_DataDisplay.c...
compiling ui_DataDetail.c...
linking...
Program Size: Code=327712 RO-data=113300 RW-data=1936 ZI-data=86104  
FromELF: creating hex file...
"STM32H743_Build\STM32H743.axf" - 0 Error(s), 33 Warning(s).

<h2>Software Packages used:</h2>

Package Vendor: ARM
                http://www.keil.com/pack/ARM.CMSIS.5.9.0.pack
                ARM::CMSIS@5.9.0
                CMSIS (Common Microcontroller Software Interface Standard)
   * Component: CORE Version: 5.6.0

Package Vendor: Keil
                http://www.keil.com/pack/Keil.STM32H7xx_DFP.2.7.0.pack
                Keil::STM32H7xx_DFP@2.7.0
                STMicroelectronics STM32H7 Series Device Support and Examples

<h2>Collection of Component include folders:</h2>
  ./RTE/_STM32H743
  C:/Users/han_z/AppData/Local/Arm/Packs/ARM/CMSIS/5.9.0/CMSIS/Core/Include
  C:/Users/han_z/AppData/Local/Arm/Packs/Keil/STM32H7xx_DFP/2.7.0/Drivers/CMSIS/Device/ST/STM32H7xx/Include

<h2>Collection of Component Files used:</h2>

   * Component: ARM::CMSIS:CORE@5.6.0
      Include file:  CMSIS/Core/Include/tz_context.h
Build Time Elapsed:  00:00:57
</pre>
</body>
</html>
